<!doctype html public "-//w3c//dtd html 4.0 transitional//en">
<html><head>
<title>Static Call Graph - [.\Objects\bootloader.axf]</title></head>
<body><HR>
<H1>Static Call Graph for image .\Objects\bootloader.axf</H1><HR>
<BR><P>#&#060CALLGRAPH&#062# ARM Linker, 6100100: Last Updated: Wed Jan 23 17:39:48 2019
<BR><P>
<H3>Maximum Stack Usage =       1128 bytes + Unknown(Functions without stacksize, Cycles, Untraceable Function Pointers)</H3><H3>
Call chain for Maximum Stack Depth:</H3>
thread_main &rArr; bootloader_entry &rArr; file_firmware_load &rArr; file_verify &rArr; tlv_file_verify &rArr; tlv_file_calc_crc32 &rArr; file_read &rArr; get_file_ext_by_fp &rArr; fwrite &rArr; _writebuf &rArr; _sys_write &rArr; __sys_write &rArr; efs_write &rArr; efs_wr &rArr; efs_AllocBlock &rArr; efs_get_freeMem &rArr; falloc_read &rArr; fs_set_rtos_delay
<P>
<H3>
Functions with no stack information
</H3><UL>
 <LI><a href="#[135]">__user_initial_stackheap</a>
</UL>
</UL>
<P>
<H3>
Mutually Recursive functions
</H3> <LI><a href="#[24]">ADC_IRQHandler</a>&nbsp;&nbsp;&nbsp;&rArr;&nbsp;&nbsp;&nbsp;<a href="#[24]">ADC_IRQHandler</a><BR>
 <LI><a href="#[194]">osRtxErrorNotify</a>&nbsp;&nbsp;&nbsp;&rArr;&nbsp;&nbsp;&nbsp;<a href="#[194]">osRtxErrorNotify</a><BR>
 <LI><a href="#[c]">BusFault_Handler</a>&nbsp;&nbsp;&nbsp;&rArr;&nbsp;&nbsp;&nbsp;<a href="#[c]">BusFault_Handler</a><BR>
 <LI><a href="#[a]">HardFault_Handler</a>&nbsp;&nbsp;&nbsp;&rArr;&nbsp;&nbsp;&nbsp;<a href="#[a]">HardFault_Handler</a><BR>
 <LI><a href="#[b]">MemManage_Handler</a>&nbsp;&nbsp;&nbsp;&rArr;&nbsp;&nbsp;&nbsp;<a href="#[b]">MemManage_Handler</a><BR>
 <LI><a href="#[d]">UsageFault_Handler</a>&nbsp;&nbsp;&nbsp;&rArr;&nbsp;&nbsp;&nbsp;<a href="#[d]">UsageFault_Handler</a><BR>
 <LI><a href="#[86]">osRtxIdleThread</a>&nbsp;&nbsp;&nbsp;&rArr;&nbsp;&nbsp;&nbsp;<a href="#[86]">osRtxIdleThread</a><BR>
 <LI><a href="#[ef]">_sys_exit</a>&nbsp;&nbsp;&nbsp;&rArr;&nbsp;&nbsp;&nbsp;<a href="#[ef]">_sys_exit</a><BR>
</UL>
<P>
<H3>
Function Pointers
</H3><UL>
 <LI><a href="#[24]">ADC_IRQHandler</a> from startup_stm32f407xx.o(.text) referenced from startup_stm32f407xx.o(RESET)
 <LI><a href="#[c]">BusFault_Handler</a> from stm32f4xx_it.o(.text.BusFault_Handler) referenced from startup_stm32f407xx.o(RESET)
 <LI><a href="#[26]">CAN1_RX0_IRQHandler</a> from startup_stm32f407xx.o(.text) referenced from startup_stm32f407xx.o(RESET)
 <LI><a href="#[27]">CAN1_RX1_IRQHandler</a> from startup_stm32f407xx.o(.text) referenced from startup_stm32f407xx.o(RESET)
 <LI><a href="#[28]">CAN1_SCE_IRQHandler</a> from startup_stm32f407xx.o(.text) referenced from startup_stm32f407xx.o(RESET)
 <LI><a href="#[25]">CAN1_TX_IRQHandler</a> from startup_stm32f407xx.o(.text) referenced from startup_stm32f407xx.o(RESET)
 <LI><a href="#[52]">CAN2_RX0_IRQHandler</a> from startup_stm32f407xx.o(.text) referenced from startup_stm32f407xx.o(RESET)
 <LI><a href="#[53]">CAN2_RX1_IRQHandler</a> from startup_stm32f407xx.o(.text) referenced from startup_stm32f407xx.o(RESET)
 <LI><a href="#[54]">CAN2_SCE_IRQHandler</a> from startup_stm32f407xx.o(.text) referenced from startup_stm32f407xx.o(RESET)
 <LI><a href="#[51]">CAN2_TX_IRQHandler</a> from startup_stm32f407xx.o(.text) referenced from startup_stm32f407xx.o(RESET)
 <LI><a href="#[60]">DCMI_IRQHandler</a> from startup_stm32f407xx.o(.text) referenced from startup_stm32f407xx.o(RESET)
 <LI><a href="#[1d]">DMA1_Stream0_IRQHandler</a> from startup_stm32f407xx.o(.text) referenced from startup_stm32f407xx.o(RESET)
 <LI><a href="#[1e]">DMA1_Stream1_IRQHandler</a> from startup_stm32f407xx.o(.text) referenced from startup_stm32f407xx.o(RESET)
 <LI><a href="#[1f]">DMA1_Stream2_IRQHandler</a> from startup_stm32f407xx.o(.text) referenced from startup_stm32f407xx.o(RESET)
 <LI><a href="#[20]">DMA1_Stream3_IRQHandler</a> from startup_stm32f407xx.o(.text) referenced from startup_stm32f407xx.o(RESET)
 <LI><a href="#[21]">DMA1_Stream4_IRQHandler</a> from startup_stm32f407xx.o(.text) referenced from startup_stm32f407xx.o(RESET)
 <LI><a href="#[22]">DMA1_Stream5_IRQHandler</a> from startup_stm32f407xx.o(.text) referenced from startup_stm32f407xx.o(RESET)
 <LI><a href="#[23]">DMA1_Stream6_IRQHandler</a> from startup_stm32f407xx.o(.text) referenced from startup_stm32f407xx.o(RESET)
 <LI><a href="#[41]">DMA1_Stream7_IRQHandler</a> from startup_stm32f407xx.o(.text) referenced from startup_stm32f407xx.o(RESET)
 <LI><a href="#[4a]">DMA2_Stream0_IRQHandler</a> from startup_stm32f407xx.o(.text) referenced from startup_stm32f407xx.o(RESET)
 <LI><a href="#[4b]">DMA2_Stream1_IRQHandler</a> from startup_stm32f407xx.o(.text) referenced from startup_stm32f407xx.o(RESET)
 <LI><a href="#[4c]">DMA2_Stream2_IRQHandler</a> from startup_stm32f407xx.o(.text) referenced from startup_stm32f407xx.o(RESET)
 <LI><a href="#[4d]">DMA2_Stream3_IRQHandler</a> from startup_stm32f407xx.o(.text) referenced from startup_stm32f407xx.o(RESET)
 <LI><a href="#[4e]">DMA2_Stream4_IRQHandler</a> from startup_stm32f407xx.o(.text) referenced from startup_stm32f407xx.o(RESET)
 <LI><a href="#[56]">DMA2_Stream5_IRQHandler</a> from startup_stm32f407xx.o(.text) referenced from startup_stm32f407xx.o(RESET)
 <LI><a href="#[57]">DMA2_Stream6_IRQHandler</a> from startup_stm32f407xx.o(.text) referenced from startup_stm32f407xx.o(RESET)
 <LI><a href="#[58]">DMA2_Stream7_IRQHandler</a> from startup_stm32f407xx.o(.text) referenced from startup_stm32f407xx.o(RESET)
 <LI><a href="#[f]">DebugMon_Handler</a> from stm32f4xx_it.o(.text.DebugMon_Handler) referenced from startup_stm32f407xx.o(RESET)
 <LI><a href="#[4f]">ETH_IRQHandler</a> from startup_stm32f407xx.o(.text) referenced from startup_stm32f407xx.o(RESET)
 <LI><a href="#[50]">ETH_WKUP_IRQHandler</a> from startup_stm32f407xx.o(.text) referenced from startup_stm32f407xx.o(RESET)
 <LI><a href="#[18]">EXTI0_IRQHandler</a> from startup_stm32f407xx.o(.text) referenced from startup_stm32f407xx.o(RESET)
 <LI><a href="#[3a]">EXTI15_10_IRQHandler</a> from stm32f4xx_it.o(.text.EXTI15_10_IRQHandler) referenced from startup_stm32f407xx.o(RESET)
 <LI><a href="#[19]">EXTI1_IRQHandler</a> from startup_stm32f407xx.o(.text) referenced from startup_stm32f407xx.o(RESET)
 <LI><a href="#[1a]">EXTI2_IRQHandler</a> from startup_stm32f407xx.o(.text) referenced from startup_stm32f407xx.o(RESET)
 <LI><a href="#[1b]">EXTI3_IRQHandler</a> from startup_stm32f407xx.o(.text) referenced from startup_stm32f407xx.o(RESET)
 <LI><a href="#[1c]">EXTI4_IRQHandler</a> from startup_stm32f407xx.o(.text) referenced from startup_stm32f407xx.o(RESET)
 <LI><a href="#[29]">EXTI9_5_IRQHandler</a> from startup_stm32f407xx.o(.text) referenced from startup_stm32f407xx.o(RESET)
 <LI><a href="#[a0]">EraseChip</a> from spi_flash.o(.text.EraseChip) referenced from spi_flash.o(.rodata.Driver_Flash0)
 <LI><a href="#[9f]">EraseSector</a> from spi_flash.o(.text.EraseSector) referenced from spi_flash.o(.rodata.Driver_Flash0)
 <LI><a href="#[16]">FLASH_IRQHandler</a> from startup_stm32f407xx.o(.text) referenced from startup_stm32f407xx.o(RESET)
 <LI><a href="#[42]">FMC_IRQHandler</a> from startup_stm32f407xx.o(.text) referenced from startup_stm32f407xx.o(RESET)
 <LI><a href="#[62]">FPU_IRQHandler</a> from startup_stm32f407xx.o(.text) referenced from startup_stm32f407xx.o(RESET)
 <LI><a href="#[99]">GetCapabilities</a> from spi_flash.o(.text.GetCapabilities) referenced from spi_flash.o(.rodata.Driver_Flash0)
 <LI><a href="#[a2]">GetInfo</a> from spi_flash.o(.text.GetInfo) referenced from spi_flash.o(.rodata.Driver_Flash0)
 <LI><a href="#[a1]">GetStatus</a> from spi_flash.o(.text.GetStatus) referenced from spi_flash.o(.rodata.Driver_Flash0)
 <LI><a href="#[98]">GetVersion</a> from spi_flash.o(.text.GetVersion) referenced from spi_flash.o(.rodata.Driver_Flash0)
 <LI><a href="#[75]">HAL_ADC_ConfigChannel</a> from stm32f4xx_hal_adc.o(.text.HAL_ADC_ConfigChannel) referenced from main.o(.text.main)
 <LI><a href="#[74]">HAL_ADC_Init</a> from stm32f4xx_hal_adc.o(.text.HAL_ADC_Init) referenced from main.o(.text.main)
 <LI><a href="#[68]">HAL_GPIO_Init</a> from stm32f4xx_hal_gpio.o(.text.HAL_GPIO_Init) referenced from stm32f4xx_hal_msp.o(.text.HAL_ADC_MspInit)
 <LI><a href="#[68]">HAL_GPIO_Init</a> from stm32f4xx_hal_gpio.o(.text.HAL_GPIO_Init) referenced from main.o(.text.main)
 <LI><a href="#[73]">HAL_GPIO_WritePin</a> from stm32f4xx_hal_gpio.o(.text.HAL_GPIO_WritePin) referenced from main.o(.text.main)
 <LI><a href="#[73]">HAL_GPIO_WritePin</a> from stm32f4xx_hal_gpio.o(.text.HAL_GPIO_WritePin) referenced from st7789v.o(.text.st7789v_init)
 <LI><a href="#[69]">HAL_NVIC_SetPriority</a> from stm32f4xx_hal_cortex.o(.text.HAL_NVIC_SetPriority) referenced from stm32f4xx_hal_msp.o(.text.HAL_MspInit)
 <LI><a href="#[6b]">HAL_RCC_GetPCLK1Freq</a> from stm32f4xx_hal_rcc.o(.text.HAL_RCC_GetPCLK1Freq) referenced from spi_stm32f4xx.o(.rodata.SPI2_Resources)
 <LI><a href="#[6b]">HAL_RCC_GetPCLK1Freq</a> from stm32f4xx_hal_rcc.o(.text.HAL_RCC_GetPCLK1Freq) referenced from spi_stm32f4xx.o(.rodata.SPI3_Resources)
 <LI><a href="#[6b]">HAL_RCC_GetPCLK1Freq</a> from stm32f4xx_hal_rcc.o(.text.HAL_RCC_GetPCLK1Freq) referenced from stm32f4xx_hal_uart.o(.text.UART_SetConfig)
 <LI><a href="#[6a]">HAL_RCC_GetPCLK2Freq</a> from stm32f4xx_hal_rcc.o(.text.HAL_RCC_GetPCLK2Freq) referenced from spi_stm32f4xx.o(.rodata.SPI1_Resources)
 <LI><a href="#[6a]">HAL_RCC_GetPCLK2Freq</a> from stm32f4xx_hal_rcc.o(.text.HAL_RCC_GetPCLK2Freq) referenced from stm32f4xx_hal_uart.o(.text.UART_SetConfig)
 <LI><a href="#[76]">HAL_SPI_Init</a> from stm32f4xx_hal_spi.o(.text.HAL_SPI_Init) referenced from main.o(.text.main)
 <LI><a href="#[77]">HAL_TIM_Base_Init</a> from stm32f4xx_hal_tim.o(.text.HAL_TIM_Base_Init) referenced from main.o(.text.main)
 <LI><a href="#[61]">HASH_RNG_IRQHandler</a> from startup_stm32f407xx.o(.text) referenced from startup_stm32f407xx.o(RESET)
 <LI><a href="#[a]">HardFault_Handler</a> from stm32f4xx_it.o(.text.HardFault_Handler) referenced from startup_stm32f407xx.o(RESET)
 <LI><a href="#[32]">I2C1_ER_IRQHandler</a> from startup_stm32f407xx.o(.text) referenced from startup_stm32f407xx.o(RESET)
 <LI><a href="#[31]">I2C1_EV_IRQHandler</a> from startup_stm32f407xx.o(.text) referenced from startup_stm32f407xx.o(RESET)
 <LI><a href="#[34]">I2C2_ER_IRQHandler</a> from startup_stm32f407xx.o(.text) referenced from startup_stm32f407xx.o(RESET)
 <LI><a href="#[33]">I2C2_EV_IRQHandler</a> from startup_stm32f407xx.o(.text) referenced from startup_stm32f407xx.o(RESET)
 <LI><a href="#[5b]">I2C3_ER_IRQHandler</a> from startup_stm32f407xx.o(.text) referenced from startup_stm32f407xx.o(RESET)
 <LI><a href="#[5a]">I2C3_EV_IRQHandler</a> from startup_stm32f407xx.o(.text) referenced from startup_stm32f407xx.o(RESET)
 <LI><a href="#[9a]">Initialize</a> from spi_flash.o(.text.Initialize) referenced from spi_flash.o(.rodata.Driver_Flash0)
 <LI><a href="#[b]">MemManage_Handler</a> from stm32f4xx_it.o(.text.MemManage_Handler) referenced from startup_stm32f407xx.o(RESET)
 <LI><a href="#[9]">NMI_Handler</a> from stm32f4xx_it.o(.text.NMI_Handler) referenced from startup_stm32f407xx.o(RESET)
 <LI><a href="#[6f]">NOR0_DriverEvent</a> from fs_config.o(.text.NOR0_DriverEvent) referenced from fs_config.o(.text.fs_config)
 <LI><a href="#[55]">OTG_FS_IRQHandler</a> from otg_fs_stm32f4xx.o(.text.OTG_FS_IRQHandler) referenced from startup_stm32f407xx.o(RESET)
 <LI><a href="#[3c]">OTG_FS_WKUP_IRQHandler</a> from startup_stm32f407xx.o(.text) referenced from startup_stm32f407xx.o(RESET)
 <LI><a href="#[5d]">OTG_HS_EP1_IN_IRQHandler</a> from startup_stm32f407xx.o(.text) referenced from startup_stm32f407xx.o(RESET)
 <LI><a href="#[5c]">OTG_HS_EP1_OUT_IRQHandler</a> from startup_stm32f407xx.o(.text) referenced from startup_stm32f407xx.o(RESET)
 <LI><a href="#[5f]">OTG_HS_IRQHandler</a> from startup_stm32f407xx.o(.text) referenced from startup_stm32f407xx.o(RESET)
 <LI><a href="#[5e]">OTG_HS_WKUP_IRQHandler</a> from startup_stm32f407xx.o(.text) referenced from startup_stm32f407xx.o(RESET)
 <LI><a href="#[13]">PVD_IRQHandler</a> from startup_stm32f407xx.o(.text) referenced from startup_stm32f407xx.o(RESET)
 <LI><a href="#[10]">PendSV_Handler</a> from irq_cm4f.o(.text) referenced from startup_stm32f407xx.o(RESET)
 <LI><a href="#[9c]">PowerControl</a> from spi_flash.o(.text.PowerControl) referenced from spi_flash.o(.rodata.Driver_Flash0)
 <LI><a href="#[9e]">ProgramData</a> from spi_flash.o(.text.ProgramData) referenced from spi_flash.o(.rodata.Driver_Flash0)
 <LI><a href="#[17]">RCC_IRQHandler</a> from startup_stm32f407xx.o(.text) referenced from startup_stm32f407xx.o(RESET)
 <LI><a href="#[3b]">RTC_Alarm_IRQHandler</a> from startup_stm32f407xx.o(.text) referenced from startup_stm32f407xx.o(RESET)
 <LI><a href="#[15]">RTC_WKUP_IRQHandler</a> from startup_stm32f407xx.o(.text) referenced from startup_stm32f407xx.o(RESET)
 <LI><a href="#[9d]">ReadData</a> from spi_flash.o(.text.ReadData) referenced from spi_flash.o(.rodata.Driver_Flash0)
 <LI><a href="#[8]">Reset_Handler</a> from startup_stm32f407xx.o(.text) referenced from startup_stm32f407xx.o(RESET)
 <LI><a href="#[43]">SDIO_IRQHandler</a> from startup_stm32f407xx.o(.text) referenced from startup_stm32f407xx.o(RESET)
 <LI><a href="#[ac]">SPI1_Control</a> from spi_stm32f4xx.o(.text.SPI1_Control) referenced from spi_stm32f4xx.o(.rodata.Driver_SPI1)
 <LI><a href="#[ab]">SPI1_GetDataCount</a> from spi_stm32f4xx.o(.text.SPI1_GetDataCount) referenced from spi_stm32f4xx.o(.rodata.Driver_SPI1)
 <LI><a href="#[ad]">SPI1_GetStatus</a> from spi_stm32f4xx.o(.text.SPI1_GetStatus) referenced from spi_stm32f4xx.o(.rodata.Driver_SPI1)
 <LI><a href="#[35]">SPI1_IRQHandler</a> from spi_stm32f4xx.o(.text.SPI1_IRQHandler) referenced from startup_stm32f407xx.o(RESET)
 <LI><a href="#[a5]">SPI1_Initialize</a> from spi_stm32f4xx.o(.text.SPI1_Initialize) referenced from spi_stm32f4xx.o(.rodata.Driver_SPI1)
 <LI><a href="#[a7]">SPI1_PowerControl</a> from spi_stm32f4xx.o(.text.SPI1_PowerControl) referenced from spi_stm32f4xx.o(.rodata.Driver_SPI1)
 <LI><a href="#[a9]">SPI1_Receive</a> from spi_stm32f4xx.o(.text.SPI1_Receive) referenced from spi_stm32f4xx.o(.rodata.Driver_SPI1)
 <LI><a href="#[a8]">SPI1_Send</a> from spi_stm32f4xx.o(.text.SPI1_Send) referenced from spi_stm32f4xx.o(.rodata.Driver_SPI1)
 <LI><a href="#[aa]">SPI1_Transfer</a> from spi_stm32f4xx.o(.text.SPI1_Transfer) referenced from spi_stm32f4xx.o(.rodata.Driver_SPI1)
 <LI><a href="#[a6]">SPI1_Uninitialize</a> from spi_stm32f4xx.o(.text.SPI1_Uninitialize) referenced from spi_stm32f4xx.o(.rodata.Driver_SPI1)
 <LI><a href="#[b5]">SPI2_Control</a> from spi_stm32f4xx.o(.text.SPI2_Control) referenced from spi_stm32f4xx.o(.rodata.Driver_SPI2)
 <LI><a href="#[b4]">SPI2_GetDataCount</a> from spi_stm32f4xx.o(.text.SPI2_GetDataCount) referenced from spi_stm32f4xx.o(.rodata.Driver_SPI2)
 <LI><a href="#[b6]">SPI2_GetStatus</a> from spi_stm32f4xx.o(.text.SPI2_GetStatus) referenced from spi_stm32f4xx.o(.rodata.Driver_SPI2)
 <LI><a href="#[36]">SPI2_IRQHandler</a> from spi_stm32f4xx.o(.text.SPI2_IRQHandler) referenced from startup_stm32f407xx.o(RESET)
 <LI><a href="#[ae]">SPI2_Initialize</a> from spi_stm32f4xx.o(.text.SPI2_Initialize) referenced from spi_stm32f4xx.o(.rodata.Driver_SPI2)
 <LI><a href="#[b0]">SPI2_PowerControl</a> from spi_stm32f4xx.o(.text.SPI2_PowerControl) referenced from spi_stm32f4xx.o(.rodata.Driver_SPI2)
 <LI><a href="#[b2]">SPI2_Receive</a> from spi_stm32f4xx.o(.text.SPI2_Receive) referenced from spi_stm32f4xx.o(.rodata.Driver_SPI2)
 <LI><a href="#[b1]">SPI2_Send</a> from spi_stm32f4xx.o(.text.SPI2_Send) referenced from spi_stm32f4xx.o(.rodata.Driver_SPI2)
 <LI><a href="#[b3]">SPI2_Transfer</a> from spi_stm32f4xx.o(.text.SPI2_Transfer) referenced from spi_stm32f4xx.o(.rodata.Driver_SPI2)
 <LI><a href="#[af]">SPI2_Uninitialize</a> from spi_stm32f4xx.o(.text.SPI2_Uninitialize) referenced from spi_stm32f4xx.o(.rodata.Driver_SPI2)
 <LI><a href="#[45]">SPI3_IRQHandler</a> from spi_stm32f4xx.o(.text.SPI3_IRQHandler) referenced from startup_stm32f407xx.o(RESET)
 <LI><a href="#[a4]">SPIX_GetCapabilities</a> from spi_stm32f4xx.o(.text.SPIX_GetCapabilities) referenced from spi_stm32f4xx.o(.rodata.Driver_SPI1)
 <LI><a href="#[a4]">SPIX_GetCapabilities</a> from spi_stm32f4xx.o(.text.SPIX_GetCapabilities) referenced from spi_stm32f4xx.o(.rodata.Driver_SPI2)
 <LI><a href="#[a3]">SPIX_GetVersion</a> from spi_stm32f4xx.o(.text.SPIX_GetVersion) referenced from spi_stm32f4xx.o(.rodata.Driver_SPI1)
 <LI><a href="#[a3]">SPIX_GetVersion</a> from spi_stm32f4xx.o(.text.SPIX_GetVersion) referenced from spi_stm32f4xx.o(.rodata.Driver_SPI2)
 <LI><a href="#[e]">SVC_Handler</a> from irq_cm4f.o(.text) referenced from startup_stm32f407xx.o(RESET)
 <LI><a href="#[11]">SysTick_Handler</a> from irq_cm4f.o(.text) referenced from rtx_kernel.o(.text.svcRtxKernelStart)
 <LI><a href="#[11]">SysTick_Handler</a> from irq_cm4f.o(.text) referenced from startup_stm32f407xx.o(RESET)
 <LI><a href="#[63]">SystemInit</a> from system_stm32f4xx.o(.text.SystemInit) referenced from startup_stm32f407xx.o(.text)
 <LI><a href="#[14]">TAMP_STAMP_IRQHandler</a> from startup_stm32f407xx.o(.text) referenced from startup_stm32f407xx.o(RESET)
 <LI><a href="#[2a]">TIM1_BRK_TIM9_IRQHandler</a> from startup_stm32f407xx.o(.text) referenced from startup_stm32f407xx.o(RESET)
 <LI><a href="#[2d]">TIM1_CC_IRQHandler</a> from startup_stm32f407xx.o(.text) referenced from startup_stm32f407xx.o(RESET)
 <LI><a href="#[2c]">TIM1_TRG_COM_TIM11_IRQHandler</a> from startup_stm32f407xx.o(.text) referenced from startup_stm32f407xx.o(RESET)
 <LI><a href="#[2b]">TIM1_UP_TIM10_IRQHandler</a> from startup_stm32f407xx.o(.text) referenced from startup_stm32f407xx.o(RESET)
 <LI><a href="#[2e]">TIM2_IRQHandler</a> from startup_stm32f407xx.o(.text) referenced from startup_stm32f407xx.o(RESET)
 <LI><a href="#[2f]">TIM3_IRQHandler</a> from startup_stm32f407xx.o(.text) referenced from startup_stm32f407xx.o(RESET)
 <LI><a href="#[30]">TIM4_IRQHandler</a> from startup_stm32f407xx.o(.text) referenced from startup_stm32f407xx.o(RESET)
 <LI><a href="#[44]">TIM5_IRQHandler</a> from startup_stm32f407xx.o(.text) referenced from startup_stm32f407xx.o(RESET)
 <LI><a href="#[48]">TIM6_DAC_IRQHandler</a> from startup_stm32f407xx.o(.text) referenced from startup_stm32f407xx.o(RESET)
 <LI><a href="#[49]">TIM7_IRQHandler</a> from startup_stm32f407xx.o(.text) referenced from startup_stm32f407xx.o(RESET)
 <LI><a href="#[3d]">TIM8_BRK_TIM12_IRQHandler</a> from startup_stm32f407xx.o(.text) referenced from startup_stm32f407xx.o(RESET)
 <LI><a href="#[40]">TIM8_CC_IRQHandler</a> from startup_stm32f407xx.o(.text) referenced from startup_stm32f407xx.o(RESET)
 <LI><a href="#[3f]">TIM8_TRG_COM_TIM14_IRQHandler</a> from startup_stm32f407xx.o(.text) referenced from startup_stm32f407xx.o(RESET)
 <LI><a href="#[3e]">TIM8_UP_TIM13_IRQHandler</a> from startup_stm32f407xx.o(.text) referenced from startup_stm32f407xx.o(RESET)
 <LI><a href="#[46]">UART4_IRQHandler</a> from startup_stm32f407xx.o(.text) referenced from startup_stm32f407xx.o(RESET)
 <LI><a href="#[47]">UART5_IRQHandler</a> from startup_stm32f407xx.o(.text) referenced from startup_stm32f407xx.o(RESET)
 <LI><a href="#[37]">USART1_IRQHandler</a> from startup_stm32f407xx.o(.text) referenced from startup_stm32f407xx.o(RESET)
 <LI><a href="#[38]">USART2_IRQHandler</a> from startup_stm32f407xx.o(.text) referenced from startup_stm32f407xx.o(RESET)
 <LI><a href="#[39]">USART3_IRQHandler</a> from startup_stm32f407xx.o(.text) referenced from startup_stm32f407xx.o(RESET)
 <LI><a href="#[59]">USART6_IRQHandler</a> from startup_stm32f407xx.o(.text) referenced from startup_stm32f407xx.o(RESET)
 <LI><a href="#[9b]">Uninitialize</a> from spi_flash.o(.text.Uninitialize) referenced from spi_flash.o(.rodata.Driver_Flash0)
 <LI><a href="#[d]">UsageFault_Handler</a> from stm32f4xx_it.o(.text.UsageFault_Handler) referenced from startup_stm32f407xx.o(RESET)
 <LI><a href="#[12]">WWDG_IRQHandler</a> from startup_stm32f407xx.o(.text) referenced from startup_stm32f407xx.o(RESET)
 <LI><a href="#[6e]">__2fprintf</a> from __2fprintf.o(.text) referenced from files.o(.text.file_init)
 <LI><a href="#[6d]">__2sprintf</a> from __2sprintf.o(.text) referenced from files.o(.text.dot_format)
 <LI><a href="#[c8]">__main</a> from __main.o(!!!main) referenced from startup_stm32f407xx.o(.text)
 <LI><a href="#[67]">_fputc$unlocked</a> from fputc.o(i.fputc) referenced from _printf_char_file_locked.o(.text)
 <LI><a href="#[66]">_printf_input_char</a> from _printf_char_common.o(.text) referenced from _printf_char_common.o(.text)
 <LI><a href="#[65]">_sputc</a> from _sputc.o(.text) referenced from __2sprintf.o(.text)
 <LI><a href="#[6c]">buzerr_timer_callback</a> from buzzer.o(.text.buzerr_timer_callback) referenced from buzzer.o(.text.buzzer_init)
 <LI><a href="#[70]">delay_us</a> from delay.o(.text.delay_us) referenced from i2c_sw.o(.text.i2c_io_send_byte)
 <LI><a href="#[c6]">file_firmware_close</a> from file_firmware.o(.text.file_firmware_close) referenced from files.o(.rodata.file_firmware_ops)
 <LI><a href="#[c3]">file_firmware_open</a> from file_firmware.o(.text.file_firmware_open) referenced from files.o(.rodata.file_firmware_ops)
 <LI><a href="#[c4]">file_firmware_read</a> from file_firmware.o(.text.file_firmware_read) referenced from files.o(.rodata.file_firmware_ops)
 <LI><a href="#[c7]">file_firmware_upgrade</a> from file_firmware.o(.text.file_firmware_upgrade) referenced from files.o(.rodata.file_firmware_ops)
 <LI><a href="#[c5]">file_firmware_write</a> from file_firmware.o(.text.file_firmware_write) referenced from files.o(.rodata.file_firmware_ops)
 <LI><a href="#[97]">free</a> from h1_free_mt.o(.text) referenced from tlv.o(.text.tlv_file_unpack)
 <LI><a href="#[b8]">get_capabilities</a> from i2c_sw.o(.text.get_capabilities) referenced from i2c_sw.o(.rodata.driver_i2c1_sw)
 <LI><a href="#[b7]">get_version</a> from i2c_sw.o(.text.get_version) referenced from i2c_sw.o(.rodata.driver_i2c1_sw)
 <LI><a href="#[c1]">i2c1_sw_control</a> from i2c_sw.o(.text.i2c1_sw_control) referenced from i2c_sw.o(.rodata.driver_i2c1_sw)
 <LI><a href="#[c0]">i2c1_sw_get_data_count</a> from i2c_sw.o(.text.i2c1_sw_get_data_count) referenced from i2c_sw.o(.rodata.driver_i2c1_sw)
 <LI><a href="#[c2]">i2c1_sw_get_status</a> from i2c_sw.o(.text.i2c1_sw_get_status) referenced from i2c_sw.o(.rodata.driver_i2c1_sw)
 <LI><a href="#[b9]">i2c1_sw_initialize</a> from i2c_sw.o(.text.i2c1_sw_initialize) referenced from i2c_sw.o(.rodata.driver_i2c1_sw)
 <LI><a href="#[bd]">i2c1_sw_master_receive</a> from i2c_sw.o(.text.i2c1_sw_master_receive) referenced from i2c_sw.o(.rodata.driver_i2c1_sw)
 <LI><a href="#[bc]">i2c1_sw_master_transmit</a> from i2c_sw.o(.text.i2c1_sw_master_transmit) referenced from i2c_sw.o(.rodata.driver_i2c1_sw)
 <LI><a href="#[bb]">i2c1_sw_power_control</a> from i2c_sw.o(.text.i2c1_sw_power_control) referenced from i2c_sw.o(.rodata.driver_i2c1_sw)
 <LI><a href="#[bf]">i2c1_sw_slave_receive</a> from i2c_sw.o(.text.i2c1_sw_slave_receive) referenced from i2c_sw.o(.rodata.driver_i2c1_sw)
 <LI><a href="#[be]">i2c1_sw_slave_transmit</a> from i2c_sw.o(.text.i2c1_sw_slave_transmit) referenced from i2c_sw.o(.rodata.driver_i2c1_sw)
 <LI><a href="#[ba]">i2c1_sw_uninitialize</a> from i2c_sw.o(.text.i2c1_sw_uninitialize) referenced from i2c_sw.o(.rodata.driver_i2c1_sw)
 <LI><a href="#[92]">lcd_back_light_timer_callback</a> from st7789v.o(.text.lcd_back_light_timer_callback) referenced from st7789v.o(.text.st7789v_init)
 <LI><a href="#[91]">osDelay</a> from rtx_delay.o(.text.osDelay) referenced from st7789v.o(.text.st7789v_init)
 <LI><a href="#[86]">osRtxIdleThread</a> from rtx_config.o(.text.osRtxIdleThread) referenced from rtx_thread.o(.text.osRtxThreadStartup)
 <LI><a href="#[93]">osRtxMemoryInit</a> from rtx_memory.o(.text.osRtxMemoryInit) referenced from rtx_kernel.o(.text.svcRtxKernelInitialize)
 <LI><a href="#[94]">osRtxMessageQueuePostProcess</a> from rtx_msgqueue.o(.text.osRtxMessageQueuePostProcess) referenced from rtx_msgqueue.o(.text.svcRtxMessageQueueNew)
 <LI><a href="#[96]">osRtxThreadPostProcess</a> from rtx_thread.o(.text.osRtxThreadPostProcess) referenced from rtx_thread.o(.text.svcRtxThreadNew)
 <LI><a href="#[87]">osRtxTimerThread</a> from rtx_timer.o(.text.osRtxTimerThread) referenced from rtx_thread.o(.text.osRtxThreadStartup)
 <LI><a href="#[88]">osRtxTimerTick</a> from rtx_timer.o(.text.osRtxTimerTick) referenced from rtx_timer.o(.text.osRtxTimerThread)
 <LI><a href="#[95]">osThreadExit</a> from rtx_thread.o(.text.osThreadExit) referenced from rtx_thread.o(.text.svcRtxThreadNew)
 <LI><a href="#[78]">svcRtxDelay</a> from rtx_delay.o(.text.svcRtxDelay) referenced from rtx_delay.o(.text.osDelay)
 <LI><a href="#[79]">svcRtxKernelGetState</a> from rtx_kernel.o(.text.svcRtxKernelGetState) referenced from rtx_kernel.o(.text.osKernelGetState)
 <LI><a href="#[7a]">svcRtxKernelGetTickCount</a> from rtx_kernel.o(.text.svcRtxKernelGetTickCount) referenced from rtx_kernel.o(.text.osKernelGetTickCount)
 <LI><a href="#[7b]">svcRtxKernelGetTickFreq</a> from rtx_kernel.o(.text.svcRtxKernelGetTickFreq) referenced from rtx_kernel.o(.text.osKernelGetTickFreq)
 <LI><a href="#[7c]">svcRtxKernelInitialize</a> from rtx_kernel.o(.text.svcRtxKernelInitialize) referenced from rtx_kernel.o(.text.osKernelInitialize)
 <LI><a href="#[7d]">svcRtxKernelLock</a> from rtx_kernel.o(.text.svcRtxKernelLock) referenced from rtx_kernel.o(.text.osKernelLock)
 <LI><a href="#[7e]">svcRtxKernelStart</a> from rtx_kernel.o(.text.svcRtxKernelStart) referenced from rtx_kernel.o(.text.osKernelStart)
 <LI><a href="#[7f]">svcRtxMessageQueueGet</a> from rtx_msgqueue.o(.text.svcRtxMessageQueueGet) referenced from rtx_msgqueue.o(.text.osMessageQueueGet)
 <LI><a href="#[80]">svcRtxMessageQueueNew</a> from rtx_msgqueue.o(.text.svcRtxMessageQueueNew) referenced from rtx_msgqueue.o(.text.osMessageQueueNew)
 <LI><a href="#[81]">svcRtxMessageQueuePut</a> from rtx_msgqueue.o(.text.svcRtxMessageQueuePut) referenced from rtx_msgqueue.o(.text.osMessageQueuePut)
 <LI><a href="#[82]">svcRtxMutexAcquire</a> from rtx_mutex.o(.text.svcRtxMutexAcquire) referenced from rtx_mutex.o(.text.osMutexAcquire)
 <LI><a href="#[83]">svcRtxMutexDelete</a> from rtx_mutex.o(.text.svcRtxMutexDelete) referenced from rtx_mutex.o(.text.osMutexDelete)
 <LI><a href="#[84]">svcRtxMutexNew</a> from rtx_mutex.o(.text.svcRtxMutexNew) referenced from rtx_mutex.o(.text.osMutexNew)
 <LI><a href="#[85]">svcRtxMutexRelease</a> from rtx_mutex.o(.text.svcRtxMutexRelease) referenced from rtx_mutex.o(.text.osMutexRelease)
 <LI><a href="#[8a]">svcRtxThreadExit</a> from rtx_thread.o(.text.svcRtxThreadExit) referenced from rtx_thread.o(.text.osThreadExit)
 <LI><a href="#[8b]">svcRtxThreadGetId</a> from rtx_thread.o(.text.svcRtxThreadGetId) referenced from rtx_thread.o(.text.osThreadGetId)
 <LI><a href="#[8c]">svcRtxThreadNew</a> from rtx_thread.o(.text.svcRtxThreadNew) referenced from rtx_thread.o(.text.osThreadNew)
 <LI><a href="#[8d]">svcRtxTimerIsRunning</a> from rtx_timer.o(.text.svcRtxTimerIsRunning) referenced from rtx_timer.o(.text.osTimerIsRunning)
 <LI><a href="#[8e]">svcRtxTimerNew</a> from rtx_timer.o(.text.svcRtxTimerNew) referenced from rtx_timer.o(.text.osTimerNew)
 <LI><a href="#[8f]">svcRtxTimerStart</a> from rtx_timer.o(.text.svcRtxTimerStart) referenced from rtx_timer.o(.text.osTimerStart)
 <LI><a href="#[90]">svcRtxTimerStop</a> from rtx_timer.o(.text.svcRtxTimerStop) referenced from rtx_timer.o(.text.osTimerStop)
 <LI><a href="#[72]">thread_key</a> from key.o(.text.thread_key) referenced from key.o(.text.key_init)
 <LI><a href="#[89]">thread_main</a> from bootloader.o(.text.thread_main) referenced from bootloader.o(.text.osStart)
 <LI><a href="#[71]">timer_callback</a> from key.o(.text.timer_callback) referenced from key.o(.text.key_init)
</UL>
<P>
<H3>
Global Symbols
</H3>
<P><STRONG><a name="[c8]"></a>__main</STRONG> (Thumb, 8 bytes, Stack size 0 bytes, __main.o(!!!main))
<BR><BR>[Calls]<UL><LI><a href="#[ce]">&gt;&gt;</a>&nbsp;&nbsp;&nbsp;__rt_entry
<LI><a href="#[cd]">&gt;&gt;</a>&nbsp;&nbsp;&nbsp;__scatterload
</UL>

<P><STRONG><a name="[cd]"></a>__scatterload</STRONG> (Thumb, 0 bytes, Stack size unknown bytes, __scatter.o(!!!scatter))
<BR><BR>[Called By]<UL><LI><a href="#[c8]">&gt;&gt;</a>&nbsp;&nbsp;&nbsp;__main
</UL>

<P><STRONG><a name="[cf]"></a>__scatterload_rt2</STRONG> (Thumb, 44 bytes, Stack size unknown bytes, __scatter.o(!!!scatter), UNUSED)
<BR><BR>[Calls]<UL><LI><a href="#[ce]">&gt;&gt;</a>&nbsp;&nbsp;&nbsp;__rt_entry
</UL>

<P><STRONG><a name="[276]"></a>__scatterload_rt2_thumb_only</STRONG> (Thumb, 0 bytes, Stack size unknown bytes, __scatter.o(!!!scatter), UNUSED)

<P><STRONG><a name="[277]"></a>__scatterload_null</STRONG> (Thumb, 0 bytes, Stack size unknown bytes, __scatter.o(!!!scatter), UNUSED)

<P><STRONG><a name="[278]"></a>__decompress</STRONG> (Thumb, 58 bytes, Stack size unknown bytes, __dczerorl.o(!!dczerorl), UNUSED)

<P><STRONG><a name="[279]"></a>__decompress0</STRONG> (Thumb, 0 bytes, Stack size unknown bytes, __dczerorl.o(!!dczerorl), UNUSED)

<P><STRONG><a name="[d0]"></a>__scatterload_copy</STRONG> (Thumb, 26 bytes, Stack size unknown bytes, __scatter_copy.o(!!handler_copy), UNUSED)
<BR><BR>[Calls]<UL><LI><a href="#[d0]">&gt;&gt;</a>&nbsp;&nbsp;&nbsp;__scatterload_copy
</UL>
<BR>[Called By]<UL><LI><a href="#[d0]">&gt;&gt;</a>&nbsp;&nbsp;&nbsp;__scatterload_copy
</UL>

<P><STRONG><a name="[27a]"></a>__scatterload_zeroinit</STRONG> (Thumb, 28 bytes, Stack size unknown bytes, __scatter_zi.o(!!handler_zi), UNUSED)

<P><STRONG><a name="[d1]"></a>_printf_p</STRONG> (Thumb, 0 bytes, Stack size unknown bytes, _printf_p.o(.ARM.Collect$$_printf_percent$$00000002))
<BR><BR>[Stack]<UL><LI>Max Depth = 64 + Unknown Stack Size
<LI>Call Chain = _printf_p &rArr; _printf_hex_ptr &rArr; _printf_longlong_hex &rArr; _printf_int_common &rArr; _printf_post_padding
</UL>
<BR>[Calls]<UL><LI><a href="#[d2]">&gt;&gt;</a>&nbsp;&nbsp;&nbsp;_printf_hex_ptr
</UL>

<P><STRONG><a name="[101]"></a>_printf_percent</STRONG> (Thumb, 0 bytes, Stack size unknown bytes, _printf_percent.o(.ARM.Collect$$_printf_percent$$00000000))
<BR><BR>[Called By]<UL><LI><a href="#[ff]">&gt;&gt;</a>&nbsp;&nbsp;&nbsp;__printf
</UL>

<P><STRONG><a name="[d3]"></a>_printf_d</STRONG> (Thumb, 0 bytes, Stack size unknown bytes, _printf_d.o(.ARM.Collect$$_printf_percent$$00000009))
<BR><BR>[Stack]<UL><LI>Max Depth = 72 + Unknown Stack Size
<LI>Call Chain = _printf_d &rArr; _printf_int_dec &rArr; _printf_int_common &rArr; _printf_post_padding
</UL>
<BR>[Calls]<UL><LI><a href="#[d4]">&gt;&gt;</a>&nbsp;&nbsp;&nbsp;_printf_int_dec
</UL>

<P><STRONG><a name="[d5]"></a>_printf_x</STRONG> (Thumb, 0 bytes, Stack size unknown bytes, _printf_x.o(.ARM.Collect$$_printf_percent$$0000000C))
<BR><BR>[Stack]<UL><LI>Max Depth = 80 + Unknown Stack Size
<LI>Call Chain = _printf_x &rArr; _printf_int_hex &rArr; _printf_longlong_hex &rArr; _printf_int_common &rArr; _printf_post_padding
</UL>
<BR>[Calls]<UL><LI><a href="#[d6]">&gt;&gt;</a>&nbsp;&nbsp;&nbsp;_printf_int_hex
</UL>

<P><STRONG><a name="[d7]"></a>_printf_s</STRONG> (Thumb, 0 bytes, Stack size unknown bytes, _printf_s.o(.ARM.Collect$$_printf_percent$$00000014))
<BR><BR>[Stack]<UL><LI>Max Depth = 40 + Unknown Stack Size
<LI>Call Chain = _printf_s &rArr; _printf_string &rArr; _printf_cs_common &rArr; _printf_str &rArr; _printf_post_padding
</UL>
<BR>[Calls]<UL><LI><a href="#[d8]">&gt;&gt;</a>&nbsp;&nbsp;&nbsp;_printf_string
</UL>

<P><STRONG><a name="[27b]"></a>_printf_percent_end</STRONG> (Thumb, 0 bytes, Stack size unknown bytes, _printf_percent_end.o(.ARM.Collect$$_printf_percent$$00000017))

<P><STRONG><a name="[e8]"></a>__rt_lib_init</STRONG> (Thumb, 0 bytes, Stack size unknown bytes, libinit.o(.ARM.Collect$$libinit$$00000000))
<BR><BR>[Called By]<UL><LI><a href="#[e7]">&gt;&gt;</a>&nbsp;&nbsp;&nbsp;__rt_entry_li
</UL>

<P><STRONG><a name="[d9]"></a>__rt_lib_init_fp_1</STRONG> (Thumb, 0 bytes, Stack size unknown bytes, libinit2.o(.ARM.Collect$$libinit$$00000001))
<BR><BR>[Calls]<UL><LI><a href="#[da]">&gt;&gt;</a>&nbsp;&nbsp;&nbsp;_fp_init
</UL>

<P><STRONG><a name="[db]"></a>__rt_lib_init_heap_2</STRONG> (Thumb, 0 bytes, Stack size unknown bytes, libinit2.o(.ARM.Collect$$libinit$$00000005))
<BR><BR>[Stack]<UL><LI>Max Depth = 64 + Unknown Stack Size
<LI>Call Chain = __rt_lib_init_heap_2 &rArr; _init_alloc &rArr; __rt_SIGRTMEM &rArr; __rt_SIGRTMEM_inner &rArr; __default_signal_display &rArr; _ttywrch
</UL>
<BR>[Calls]<UL><LI><a href="#[dc]">&gt;&gt;</a>&nbsp;&nbsp;&nbsp;_init_alloc
</UL>

<P><STRONG><a name="[27c]"></a>__rt_lib_init_preinit_1</STRONG> (Thumb, 0 bytes, Stack size unknown bytes, libinit2.o(.ARM.Collect$$libinit$$00000004))

<P><STRONG><a name="[27d]"></a>__rt_lib_init_atexit_1</STRONG> (Thumb, 0 bytes, Stack size unknown bytes, libinit2.o(.ARM.Collect$$libinit$$0000001B))

<P><STRONG><a name="[27e]"></a>__rt_lib_init_clock_1</STRONG> (Thumb, 0 bytes, Stack size unknown bytes, libinit2.o(.ARM.Collect$$libinit$$00000021))

<P><STRONG><a name="[27f]"></a>__rt_lib_init_fp_trap_1</STRONG> (Thumb, 0 bytes, Stack size unknown bytes, libinit2.o(.ARM.Collect$$libinit$$0000001F))

<P><STRONG><a name="[280]"></a>__rt_lib_init_getenv_1</STRONG> (Thumb, 0 bytes, Stack size unknown bytes, libinit2.o(.ARM.Collect$$libinit$$00000023))

<P><STRONG><a name="[281]"></a>__rt_lib_init_heap_1</STRONG> (Thumb, 0 bytes, Stack size unknown bytes, libinit2.o(.ARM.Collect$$libinit$$0000000A))

<P><STRONG><a name="[282]"></a>__rt_lib_init_lc_collate_1</STRONG> (Thumb, 0 bytes, Stack size unknown bytes, libinit2.o(.ARM.Collect$$libinit$$00000011))

<P><STRONG><a name="[283]"></a>__rt_lib_init_lc_ctype_1</STRONG> (Thumb, 0 bytes, Stack size unknown bytes, libinit2.o(.ARM.Collect$$libinit$$00000013))

<P><STRONG><a name="[284]"></a>__rt_lib_init_lc_monetary_1</STRONG> (Thumb, 0 bytes, Stack size unknown bytes, libinit2.o(.ARM.Collect$$libinit$$00000015))

<P><STRONG><a name="[285]"></a>__rt_lib_init_lc_numeric_1</STRONG> (Thumb, 0 bytes, Stack size unknown bytes, libinit2.o(.ARM.Collect$$libinit$$00000017))

<P><STRONG><a name="[286]"></a>__rt_lib_init_lc_time_1</STRONG> (Thumb, 0 bytes, Stack size unknown bytes, libinit2.o(.ARM.Collect$$libinit$$00000019))

<P><STRONG><a name="[287]"></a>__rt_lib_init_rand_1</STRONG> (Thumb, 0 bytes, Stack size unknown bytes, libinit2.o(.ARM.Collect$$libinit$$0000000E))

<P><STRONG><a name="[288]"></a>__rt_lib_init_signal_1</STRONG> (Thumb, 0 bytes, Stack size unknown bytes, libinit2.o(.ARM.Collect$$libinit$$0000001D))

<P><STRONG><a name="[dd]"></a>__rt_lib_init_stdio_2</STRONG> (Thumb, 0 bytes, Stack size unknown bytes, libinit2.o(.ARM.Collect$$libinit$$00000024))
<BR><BR>[Stack]<UL><LI>Max Depth = 344 + Unknown Stack Size
<LI>Call Chain = __rt_lib_init_stdio_2 &rArr; _initio &rArr; freopen &rArr; _freopen_locked &rArr; _fclose_internal &rArr; _fflush &rArr; _writebuf &rArr; _sys_write &rArr; __sys_write &rArr; efs_write &rArr; efs_wr &rArr; efs_AllocBlock &rArr; efs_get_freeMem &rArr; falloc_read &rArr; fs_set_rtos_delay
</UL>
<BR>[Calls]<UL><LI><a href="#[de]">&gt;&gt;</a>&nbsp;&nbsp;&nbsp;_initio
</UL>

<P><STRONG><a name="[289]"></a>__rt_lib_init_user_alloc_1</STRONG> (Thumb, 0 bytes, Stack size unknown bytes, libinit2.o(.ARM.Collect$$libinit$$0000000C))

<P><STRONG><a name="[28a]"></a>__rt_lib_init_alloca_1</STRONG> (Thumb, 0 bytes, Stack size unknown bytes, libinit2.o(.ARM.Collect$$libinit$$0000002E))

<P><STRONG><a name="[28b]"></a>__rt_lib_init_argv_1</STRONG> (Thumb, 0 bytes, Stack size unknown bytes, libinit2.o(.ARM.Collect$$libinit$$0000002C))

<P><STRONG><a name="[28c]"></a>__rt_lib_init_cpp_1</STRONG> (Thumb, 0 bytes, Stack size unknown bytes, libinit2.o(.ARM.Collect$$libinit$$00000032))

<P><STRONG><a name="[28d]"></a>__rt_lib_init_exceptions_1</STRONG> (Thumb, 0 bytes, Stack size unknown bytes, libinit2.o(.ARM.Collect$$libinit$$00000030))

<P><STRONG><a name="[28e]"></a>__rt_lib_init_return</STRONG> (Thumb, 0 bytes, Stack size unknown bytes, libinit2.o(.ARM.Collect$$libinit$$00000033))

<P><STRONG><a name="[28f]"></a>__rt_lib_init_stdio_1</STRONG> (Thumb, 0 bytes, Stack size unknown bytes, libinit2.o(.ARM.Collect$$libinit$$00000025))

<P><STRONG><a name="[ed]"></a>__rt_lib_shutdown</STRONG> (Thumb, 0 bytes, Stack size unknown bytes, libshutdown.o(.ARM.Collect$$libshutdown$$00000000))
<BR><BR>[Called By]<UL><LI><a href="#[ec]">&gt;&gt;</a>&nbsp;&nbsp;&nbsp;__rt_exit_ls
</UL>

<P><STRONG><a name="[290]"></a>__rt_lib_shutdown_cpp_1</STRONG> (Thumb, 0 bytes, Stack size unknown bytes, libshutdown2.o(.ARM.Collect$$libshutdown$$00000002))

<P><STRONG><a name="[df]"></a>__rt_lib_shutdown_stdio_2</STRONG> (Thumb, 0 bytes, Stack size unknown bytes, libshutdown2.o(.ARM.Collect$$libshutdown$$00000003))
<BR><BR>[Stack]<UL><LI>Max Depth = 304 + Unknown Stack Size
<LI>Call Chain = __rt_lib_shutdown_stdio_2 &rArr; _terminateio &rArr; _fclose_internal &rArr; _fflush &rArr; _writebuf &rArr; _sys_write &rArr; __sys_write &rArr; efs_write &rArr; efs_wr &rArr; efs_AllocBlock &rArr; efs_get_freeMem &rArr; falloc_read &rArr; fs_set_rtos_delay
</UL>
<BR>[Calls]<UL><LI><a href="#[e0]">&gt;&gt;</a>&nbsp;&nbsp;&nbsp;_terminateio
</UL>

<P><STRONG><a name="[291]"></a>__rt_lib_shutdown_fp_trap_1</STRONG> (Thumb, 0 bytes, Stack size unknown bytes, libshutdown2.o(.ARM.Collect$$libshutdown$$00000007))

<P><STRONG><a name="[e1]"></a>__rt_lib_shutdown_heap_2</STRONG> (Thumb, 0 bytes, Stack size unknown bytes, libshutdown2.o(.ARM.Collect$$libshutdown$$0000000D))
<BR><BR>[Stack]<UL><LI>Max Depth = 16 + Unknown Stack Size
<LI>Call Chain = __rt_lib_shutdown_heap_2 &rArr; _terminate_alloc &rArr; __rt_heap_descriptor
</UL>
<BR>[Calls]<UL><LI><a href="#[e2]">&gt;&gt;</a>&nbsp;&nbsp;&nbsp;_terminate_alloc
</UL>

<P><STRONG><a name="[292]"></a>__rt_lib_shutdown_signal_1</STRONG> (Thumb, 0 bytes, Stack size unknown bytes, libshutdown2.o(.ARM.Collect$$libshutdown$$0000000A))

<P><STRONG><a name="[293]"></a>__rt_lib_shutdown_stdio_1</STRONG> (Thumb, 0 bytes, Stack size unknown bytes, libshutdown2.o(.ARM.Collect$$libshutdown$$00000004))

<P><STRONG><a name="[294]"></a>__rt_lib_shutdown_user_alloc_1</STRONG> (Thumb, 0 bytes, Stack size unknown bytes, libshutdown2.o(.ARM.Collect$$libshutdown$$0000000C))

<P><STRONG><a name="[295]"></a>__rt_lib_shutdown_heap_1</STRONG> (Thumb, 0 bytes, Stack size unknown bytes, libshutdown2.o(.ARM.Collect$$libshutdown$$0000000F))

<P><STRONG><a name="[296]"></a>__rt_lib_shutdown_return</STRONG> (Thumb, 0 bytes, Stack size unknown bytes, libshutdown2.o(.ARM.Collect$$libshutdown$$00000010))

<P><STRONG><a name="[ce]"></a>__rt_entry</STRONG> (Thumb, 0 bytes, Stack size unknown bytes, __rtentry.o(.ARM.Collect$$rtentry$$00000000))
<BR><BR>[Called By]<UL><LI><a href="#[c8]">&gt;&gt;</a>&nbsp;&nbsp;&nbsp;__main
<LI><a href="#[cf]">&gt;&gt;</a>&nbsp;&nbsp;&nbsp;__scatterload_rt2
</UL>

<P><STRONG><a name="[297]"></a>__rt_entry_presh_1</STRONG> (Thumb, 0 bytes, Stack size unknown bytes, __rtentry2.o(.ARM.Collect$$rtentry$$00000002))

<P><STRONG><a name="[e3]"></a>__rt_entry_sh</STRONG> (Thumb, 0 bytes, Stack size unknown bytes, __rtentry4.o(.ARM.Collect$$rtentry$$00000004))
<BR><BR>[Stack]<UL><LI>Max Depth = 8 + Unknown Stack Size
<LI>Call Chain = __rt_entry_sh &rArr; __user_setup_stackheap
</UL>
<BR>[Calls]<UL><LI><a href="#[e4]">&gt;&gt;</a>&nbsp;&nbsp;&nbsp;__user_setup_stackheap
</UL>

<P><STRONG><a name="[e5]"></a>__rt_entry_postsh_1</STRONG> (Thumb, 0 bytes, Stack size unknown bytes, __rtentry2.o(.ARM.Collect$$rtentry$$00000008))
<BR><BR>[Stack]<UL><LI>Max Depth = 8 + Unknown Stack Size
<LI>Call Chain = __rt_entry_postsh_1 &rArr; _platform_post_stackheap_init &rArr; osKernelInitialize
</UL>
<BR>[Calls]<UL><LI><a href="#[e6]">&gt;&gt;</a>&nbsp;&nbsp;&nbsp;_platform_post_stackheap_init
</UL>

<P><STRONG><a name="[e7]"></a>__rt_entry_li</STRONG> (Thumb, 0 bytes, Stack size unknown bytes, __rtentry2.o(.ARM.Collect$$rtentry$$0000000A))
<BR><BR>[Calls]<UL><LI><a href="#[e8]">&gt;&gt;</a>&nbsp;&nbsp;&nbsp;__rt_lib_init
</UL>

<P><STRONG><a name="[e9]"></a>__rt_entry_main</STRONG> (Thumb, 0 bytes, Stack size unknown bytes, __rtentry2.o(.ARM.Collect$$rtentry$$0000000D))
<BR><BR>[Stack]<UL><LI>Max Depth = 224 + Unknown Stack Size
<LI>Call Chain = __rt_entry_main &rArr; main &rArr; SystemClock_Config &rArr; HAL_RCC_ClockConfig &rArr; HAL_RCC_GetSysClockFreq &rArr; __aeabi_uldivmod
</UL>
<BR>[Calls]<UL><LI><a href="#[ea]">&gt;&gt;</a>&nbsp;&nbsp;&nbsp;main
<LI><a href="#[eb]">&gt;&gt;</a>&nbsp;&nbsp;&nbsp;exit
</UL>

<P><STRONG><a name="[298]"></a>__rt_entry_postli_1</STRONG> (Thumb, 0 bytes, Stack size unknown bytes, __rtentry2.o(.ARM.Collect$$rtentry$$0000000C))

<P><STRONG><a name="[13d]"></a>__rt_exit</STRONG> (Thumb, 0 bytes, Stack size unknown bytes, rtexit.o(.ARM.Collect$$rtexit$$00000000))
<BR><BR>[Called By]<UL><LI><a href="#[eb]">&gt;&gt;</a>&nbsp;&nbsp;&nbsp;exit
</UL>

<P><STRONG><a name="[ec]"></a>__rt_exit_ls</STRONG> (Thumb, 0 bytes, Stack size unknown bytes, rtexit2.o(.ARM.Collect$$rtexit$$00000003))
<BR><BR>[Calls]<UL><LI><a href="#[ed]">&gt;&gt;</a>&nbsp;&nbsp;&nbsp;__rt_lib_shutdown
</UL>

<P><STRONG><a name="[299]"></a>__rt_exit_prels_1</STRONG> (Thumb, 0 bytes, Stack size unknown bytes, rtexit2.o(.ARM.Collect$$rtexit$$00000002))

<P><STRONG><a name="[ee]"></a>__rt_exit_exit</STRONG> (Thumb, 0 bytes, Stack size unknown bytes, rtexit2.o(.ARM.Collect$$rtexit$$00000004))
<BR><BR>[Calls]<UL><LI><a href="#[ef]">&gt;&gt;</a>&nbsp;&nbsp;&nbsp;_sys_exit
</UL>

<P><STRONG><a name="[8]"></a>Reset_Handler</STRONG> (Thumb, 8 bytes, Stack size 0 bytes, startup_stm32f407xx.o(.text))
<BR>[Address Reference Count : 1]<UL><LI> startup_stm32f407xx.o(RESET)
</UL>
<P><STRONG><a name="[24]"></a>ADC_IRQHandler</STRONG> (Thumb, 0 bytes, Stack size 0 bytes, startup_stm32f407xx.o(.text))
<BR><BR>[Calls]<UL><LI><a href="#[24]">&gt;&gt;</a>&nbsp;&nbsp;&nbsp;ADC_IRQHandler
</UL>
<BR>[Called By]<UL><LI><a href="#[24]">&gt;&gt;</a>&nbsp;&nbsp;&nbsp;ADC_IRQHandler
</UL>
<BR>[Address Reference Count : 1]<UL><LI> startup_stm32f407xx.o(RESET)
</UL>
<P><STRONG><a name="[26]"></a>CAN1_RX0_IRQHandler</STRONG> (Thumb, 0 bytes, Stack size 0 bytes, startup_stm32f407xx.o(.text))
<BR>[Address Reference Count : 1]<UL><LI> startup_stm32f407xx.o(RESET)
</UL>
<P><STRONG><a name="[27]"></a>CAN1_RX1_IRQHandler</STRONG> (Thumb, 0 bytes, Stack size 0 bytes, startup_stm32f407xx.o(.text))
<BR>[Address Reference Count : 1]<UL><LI> startup_stm32f407xx.o(RESET)
</UL>
<P><STRONG><a name="[28]"></a>CAN1_SCE_IRQHandler</STRONG> (Thumb, 0 bytes, Stack size 0 bytes, startup_stm32f407xx.o(.text))
<BR>[Address Reference Count : 1]<UL><LI> startup_stm32f407xx.o(RESET)
</UL>
<P><STRONG><a name="[25]"></a>CAN1_TX_IRQHandler</STRONG> (Thumb, 0 bytes, Stack size 0 bytes, startup_stm32f407xx.o(.text))
<BR>[Address Reference Count : 1]<UL><LI> startup_stm32f407xx.o(RESET)
</UL>
<P><STRONG><a name="[52]"></a>CAN2_RX0_IRQHandler</STRONG> (Thumb, 0 bytes, Stack size 0 bytes, startup_stm32f407xx.o(.text))
<BR>[Address Reference Count : 1]<UL><LI> startup_stm32f407xx.o(RESET)
</UL>
<P><STRONG><a name="[53]"></a>CAN2_RX1_IRQHandler</STRONG> (Thumb, 0 bytes, Stack size 0 bytes, startup_stm32f407xx.o(.text))
<BR>[Address Reference Count : 1]<UL><LI> startup_stm32f407xx.o(RESET)
</UL>
<P><STRONG><a name="[54]"></a>CAN2_SCE_IRQHandler</STRONG> (Thumb, 0 bytes, Stack size 0 bytes, startup_stm32f407xx.o(.text))
<BR>[Address Reference Count : 1]<UL><LI> startup_stm32f407xx.o(RESET)
</UL>
<P><STRONG><a name="[51]"></a>CAN2_TX_IRQHandler</STRONG> (Thumb, 0 bytes, Stack size 0 bytes, startup_stm32f407xx.o(.text))
<BR>[Address Reference Count : 1]<UL><LI> startup_stm32f407xx.o(RESET)
</UL>
<P><STRONG><a name="[60]"></a>DCMI_IRQHandler</STRONG> (Thumb, 0 bytes, Stack size 0 bytes, startup_stm32f407xx.o(.text))
<BR>[Address Reference Count : 1]<UL><LI> startup_stm32f407xx.o(RESET)
</UL>
<P><STRONG><a name="[1d]"></a>DMA1_Stream0_IRQHandler</STRONG> (Thumb, 0 bytes, Stack size 0 bytes, startup_stm32f407xx.o(.text))
<BR>[Address Reference Count : 1]<UL><LI> startup_stm32f407xx.o(RESET)
</UL>
<P><STRONG><a name="[1e]"></a>DMA1_Stream1_IRQHandler</STRONG> (Thumb, 0 bytes, Stack size 0 bytes, startup_stm32f407xx.o(.text))
<BR>[Address Reference Count : 1]<UL><LI> startup_stm32f407xx.o(RESET)
</UL>
<P><STRONG><a name="[1f]"></a>DMA1_Stream2_IRQHandler</STRONG> (Thumb, 0 bytes, Stack size 0 bytes, startup_stm32f407xx.o(.text))
<BR>[Address Reference Count : 1]<UL><LI> startup_stm32f407xx.o(RESET)
</UL>
<P><STRONG><a name="[20]"></a>DMA1_Stream3_IRQHandler</STRONG> (Thumb, 0 bytes, Stack size 0 bytes, startup_stm32f407xx.o(.text))
<BR>[Address Reference Count : 1]<UL><LI> startup_stm32f407xx.o(RESET)
</UL>
<P><STRONG><a name="[21]"></a>DMA1_Stream4_IRQHandler</STRONG> (Thumb, 0 bytes, Stack size 0 bytes, startup_stm32f407xx.o(.text))
<BR>[Address Reference Count : 1]<UL><LI> startup_stm32f407xx.o(RESET)
</UL>
<P><STRONG><a name="[22]"></a>DMA1_Stream5_IRQHandler</STRONG> (Thumb, 0 bytes, Stack size 0 bytes, startup_stm32f407xx.o(.text))
<BR>[Address Reference Count : 1]<UL><LI> startup_stm32f407xx.o(RESET)
</UL>
<P><STRONG><a name="[23]"></a>DMA1_Stream6_IRQHandler</STRONG> (Thumb, 0 bytes, Stack size 0 bytes, startup_stm32f407xx.o(.text))
<BR>[Address Reference Count : 1]<UL><LI> startup_stm32f407xx.o(RESET)
</UL>
<P><STRONG><a name="[41]"></a>DMA1_Stream7_IRQHandler</STRONG> (Thumb, 0 bytes, Stack size 0 bytes, startup_stm32f407xx.o(.text))
<BR>[Address Reference Count : 1]<UL><LI> startup_stm32f407xx.o(RESET)
</UL>
<P><STRONG><a name="[4a]"></a>DMA2_Stream0_IRQHandler</STRONG> (Thumb, 0 bytes, Stack size 0 bytes, startup_stm32f407xx.o(.text))
<BR>[Address Reference Count : 1]<UL><LI> startup_stm32f407xx.o(RESET)
</UL>
<P><STRONG><a name="[4b]"></a>DMA2_Stream1_IRQHandler</STRONG> (Thumb, 0 bytes, Stack size 0 bytes, startup_stm32f407xx.o(.text))
<BR>[Address Reference Count : 1]<UL><LI> startup_stm32f407xx.o(RESET)
</UL>
<P><STRONG><a name="[4c]"></a>DMA2_Stream2_IRQHandler</STRONG> (Thumb, 0 bytes, Stack size 0 bytes, startup_stm32f407xx.o(.text))
<BR>[Address Reference Count : 1]<UL><LI> startup_stm32f407xx.o(RESET)
</UL>
<P><STRONG><a name="[4d]"></a>DMA2_Stream3_IRQHandler</STRONG> (Thumb, 0 bytes, Stack size 0 bytes, startup_stm32f407xx.o(.text))
<BR>[Address Reference Count : 1]<UL><LI> startup_stm32f407xx.o(RESET)
</UL>
<P><STRONG><a name="[4e]"></a>DMA2_Stream4_IRQHandler</STRONG> (Thumb, 0 bytes, Stack size 0 bytes, startup_stm32f407xx.o(.text))
<BR>[Address Reference Count : 1]<UL><LI> startup_stm32f407xx.o(RESET)
</UL>
<P><STRONG><a name="[56]"></a>DMA2_Stream5_IRQHandler</STRONG> (Thumb, 0 bytes, Stack size 0 bytes, startup_stm32f407xx.o(.text))
<BR>[Address Reference Count : 1]<UL><LI> startup_stm32f407xx.o(RESET)
</UL>
<P><STRONG><a name="[57]"></a>DMA2_Stream6_IRQHandler</STRONG> (Thumb, 0 bytes, Stack size 0 bytes, startup_stm32f407xx.o(.text))
<BR>[Address Reference Count : 1]<UL><LI> startup_stm32f407xx.o(RESET)
</UL>
<P><STRONG><a name="[58]"></a>DMA2_Stream7_IRQHandler</STRONG> (Thumb, 0 bytes, Stack size 0 bytes, startup_stm32f407xx.o(.text))
<BR>[Address Reference Count : 1]<UL><LI> startup_stm32f407xx.o(RESET)
</UL>
<P><STRONG><a name="[4f]"></a>ETH_IRQHandler</STRONG> (Thumb, 0 bytes, Stack size 0 bytes, startup_stm32f407xx.o(.text))
<BR>[Address Reference Count : 1]<UL><LI> startup_stm32f407xx.o(RESET)
</UL>
<P><STRONG><a name="[50]"></a>ETH_WKUP_IRQHandler</STRONG> (Thumb, 0 bytes, Stack size 0 bytes, startup_stm32f407xx.o(.text))
<BR>[Address Reference Count : 1]<UL><LI> startup_stm32f407xx.o(RESET)
</UL>
<P><STRONG><a name="[18]"></a>EXTI0_IRQHandler</STRONG> (Thumb, 0 bytes, Stack size 0 bytes, startup_stm32f407xx.o(.text))
<BR>[Address Reference Count : 1]<UL><LI> startup_stm32f407xx.o(RESET)
</UL>
<P><STRONG><a name="[19]"></a>EXTI1_IRQHandler</STRONG> (Thumb, 0 bytes, Stack size 0 bytes, startup_stm32f407xx.o(.text))
<BR>[Address Reference Count : 1]<UL><LI> startup_stm32f407xx.o(RESET)
</UL>
<P><STRONG><a name="[1a]"></a>EXTI2_IRQHandler</STRONG> (Thumb, 0 bytes, Stack size 0 bytes, startup_stm32f407xx.o(.text))
<BR>[Address Reference Count : 1]<UL><LI> startup_stm32f407xx.o(RESET)
</UL>
<P><STRONG><a name="[1b]"></a>EXTI3_IRQHandler</STRONG> (Thumb, 0 bytes, Stack size 0 bytes, startup_stm32f407xx.o(.text))
<BR>[Address Reference Count : 1]<UL><LI> startup_stm32f407xx.o(RESET)
</UL>
<P><STRONG><a name="[1c]"></a>EXTI4_IRQHandler</STRONG> (Thumb, 0 bytes, Stack size 0 bytes, startup_stm32f407xx.o(.text))
<BR>[Address Reference Count : 1]<UL><LI> startup_stm32f407xx.o(RESET)
</UL>
<P><STRONG><a name="[29]"></a>EXTI9_5_IRQHandler</STRONG> (Thumb, 0 bytes, Stack size 0 bytes, startup_stm32f407xx.o(.text))
<BR>[Address Reference Count : 1]<UL><LI> startup_stm32f407xx.o(RESET)
</UL>
<P><STRONG><a name="[16]"></a>FLASH_IRQHandler</STRONG> (Thumb, 0 bytes, Stack size 0 bytes, startup_stm32f407xx.o(.text))
<BR>[Address Reference Count : 1]<UL><LI> startup_stm32f407xx.o(RESET)
</UL>
<P><STRONG><a name="[42]"></a>FMC_IRQHandler</STRONG> (Thumb, 0 bytes, Stack size 0 bytes, startup_stm32f407xx.o(.text))
<BR>[Address Reference Count : 1]<UL><LI> startup_stm32f407xx.o(RESET)
</UL>
<P><STRONG><a name="[62]"></a>FPU_IRQHandler</STRONG> (Thumb, 0 bytes, Stack size 0 bytes, startup_stm32f407xx.o(.text))
<BR>[Address Reference Count : 1]<UL><LI> startup_stm32f407xx.o(RESET)
</UL>
<P><STRONG><a name="[61]"></a>HASH_RNG_IRQHandler</STRONG> (Thumb, 0 bytes, Stack size 0 bytes, startup_stm32f407xx.o(.text))
<BR>[Address Reference Count : 1]<UL><LI> startup_stm32f407xx.o(RESET)
</UL>
<P><STRONG><a name="[32]"></a>I2C1_ER_IRQHandler</STRONG> (Thumb, 0 bytes, Stack size 0 bytes, startup_stm32f407xx.o(.text))
<BR>[Address Reference Count : 1]<UL><LI> startup_stm32f407xx.o(RESET)
</UL>
<P><STRONG><a name="[31]"></a>I2C1_EV_IRQHandler</STRONG> (Thumb, 0 bytes, Stack size 0 bytes, startup_stm32f407xx.o(.text))
<BR>[Address Reference Count : 1]<UL><LI> startup_stm32f407xx.o(RESET)
</UL>
<P><STRONG><a name="[34]"></a>I2C2_ER_IRQHandler</STRONG> (Thumb, 0 bytes, Stack size 0 bytes, startup_stm32f407xx.o(.text))
<BR>[Address Reference Count : 1]<UL><LI> startup_stm32f407xx.o(RESET)
</UL>
<P><STRONG><a name="[33]"></a>I2C2_EV_IRQHandler</STRONG> (Thumb, 0 bytes, Stack size 0 bytes, startup_stm32f407xx.o(.text))
<BR>[Address Reference Count : 1]<UL><LI> startup_stm32f407xx.o(RESET)
</UL>
<P><STRONG><a name="[5b]"></a>I2C3_ER_IRQHandler</STRONG> (Thumb, 0 bytes, Stack size 0 bytes, startup_stm32f407xx.o(.text))
<BR>[Address Reference Count : 1]<UL><LI> startup_stm32f407xx.o(RESET)
</UL>
<P><STRONG><a name="[5a]"></a>I2C3_EV_IRQHandler</STRONG> (Thumb, 0 bytes, Stack size 0 bytes, startup_stm32f407xx.o(.text))
<BR>[Address Reference Count : 1]<UL><LI> startup_stm32f407xx.o(RESET)
</UL>
<P><STRONG><a name="[3c]"></a>OTG_FS_WKUP_IRQHandler</STRONG> (Thumb, 0 bytes, Stack size 0 bytes, startup_stm32f407xx.o(.text))
<BR>[Address Reference Count : 1]<UL><LI> startup_stm32f407xx.o(RESET)
</UL>
<P><STRONG><a name="[5d]"></a>OTG_HS_EP1_IN_IRQHandler</STRONG> (Thumb, 0 bytes, Stack size 0 bytes, startup_stm32f407xx.o(.text))
<BR>[Address Reference Count : 1]<UL><LI> startup_stm32f407xx.o(RESET)
</UL>
<P><STRONG><a name="[5c]"></a>OTG_HS_EP1_OUT_IRQHandler</STRONG> (Thumb, 0 bytes, Stack size 0 bytes, startup_stm32f407xx.o(.text))
<BR>[Address Reference Count : 1]<UL><LI> startup_stm32f407xx.o(RESET)
</UL>
<P><STRONG><a name="[5f]"></a>OTG_HS_IRQHandler</STRONG> (Thumb, 0 bytes, Stack size 0 bytes, startup_stm32f407xx.o(.text))
<BR>[Address Reference Count : 1]<UL><LI> startup_stm32f407xx.o(RESET)
</UL>
<P><STRONG><a name="[5e]"></a>OTG_HS_WKUP_IRQHandler</STRONG> (Thumb, 0 bytes, Stack size 0 bytes, startup_stm32f407xx.o(.text))
<BR>[Address Reference Count : 1]<UL><LI> startup_stm32f407xx.o(RESET)
</UL>
<P><STRONG><a name="[13]"></a>PVD_IRQHandler</STRONG> (Thumb, 0 bytes, Stack size 0 bytes, startup_stm32f407xx.o(.text))
<BR>[Address Reference Count : 1]<UL><LI> startup_stm32f407xx.o(RESET)
</UL>
<P><STRONG><a name="[17]"></a>RCC_IRQHandler</STRONG> (Thumb, 0 bytes, Stack size 0 bytes, startup_stm32f407xx.o(.text))
<BR>[Address Reference Count : 1]<UL><LI> startup_stm32f407xx.o(RESET)
</UL>
<P><STRONG><a name="[3b]"></a>RTC_Alarm_IRQHandler</STRONG> (Thumb, 0 bytes, Stack size 0 bytes, startup_stm32f407xx.o(.text))
<BR>[Address Reference Count : 1]<UL><LI> startup_stm32f407xx.o(RESET)
</UL>
<P><STRONG><a name="[15]"></a>RTC_WKUP_IRQHandler</STRONG> (Thumb, 0 bytes, Stack size 0 bytes, startup_stm32f407xx.o(.text))
<BR>[Address Reference Count : 1]<UL><LI> startup_stm32f407xx.o(RESET)
</UL>
<P><STRONG><a name="[43]"></a>SDIO_IRQHandler</STRONG> (Thumb, 0 bytes, Stack size 0 bytes, startup_stm32f407xx.o(.text))
<BR>[Address Reference Count : 1]<UL><LI> startup_stm32f407xx.o(RESET)
</UL>
<P><STRONG><a name="[14]"></a>TAMP_STAMP_IRQHandler</STRONG> (Thumb, 0 bytes, Stack size 0 bytes, startup_stm32f407xx.o(.text))
<BR>[Address Reference Count : 1]<UL><LI> startup_stm32f407xx.o(RESET)
</UL>
<P><STRONG><a name="[2a]"></a>TIM1_BRK_TIM9_IRQHandler</STRONG> (Thumb, 0 bytes, Stack size 0 bytes, startup_stm32f407xx.o(.text))
<BR>[Address Reference Count : 1]<UL><LI> startup_stm32f407xx.o(RESET)
</UL>
<P><STRONG><a name="[2d]"></a>TIM1_CC_IRQHandler</STRONG> (Thumb, 0 bytes, Stack size 0 bytes, startup_stm32f407xx.o(.text))
<BR>[Address Reference Count : 1]<UL><LI> startup_stm32f407xx.o(RESET)
</UL>
<P><STRONG><a name="[2c]"></a>TIM1_TRG_COM_TIM11_IRQHandler</STRONG> (Thumb, 0 bytes, Stack size 0 bytes, startup_stm32f407xx.o(.text))
<BR>[Address Reference Count : 1]<UL><LI> startup_stm32f407xx.o(RESET)
</UL>
<P><STRONG><a name="[2b]"></a>TIM1_UP_TIM10_IRQHandler</STRONG> (Thumb, 0 bytes, Stack size 0 bytes, startup_stm32f407xx.o(.text))
<BR>[Address Reference Count : 1]<UL><LI> startup_stm32f407xx.o(RESET)
</UL>
<P><STRONG><a name="[2e]"></a>TIM2_IRQHandler</STRONG> (Thumb, 0 bytes, Stack size 0 bytes, startup_stm32f407xx.o(.text))
<BR>[Address Reference Count : 1]<UL><LI> startup_stm32f407xx.o(RESET)
</UL>
<P><STRONG><a name="[2f]"></a>TIM3_IRQHandler</STRONG> (Thumb, 0 bytes, Stack size 0 bytes, startup_stm32f407xx.o(.text))
<BR>[Address Reference Count : 1]<UL><LI> startup_stm32f407xx.o(RESET)
</UL>
<P><STRONG><a name="[30]"></a>TIM4_IRQHandler</STRONG> (Thumb, 0 bytes, Stack size 0 bytes, startup_stm32f407xx.o(.text))
<BR>[Address Reference Count : 1]<UL><LI> startup_stm32f407xx.o(RESET)
</UL>
<P><STRONG><a name="[44]"></a>TIM5_IRQHandler</STRONG> (Thumb, 0 bytes, Stack size 0 bytes, startup_stm32f407xx.o(.text))
<BR>[Address Reference Count : 1]<UL><LI> startup_stm32f407xx.o(RESET)
</UL>
<P><STRONG><a name="[48]"></a>TIM6_DAC_IRQHandler</STRONG> (Thumb, 0 bytes, Stack size 0 bytes, startup_stm32f407xx.o(.text))
<BR>[Address Reference Count : 1]<UL><LI> startup_stm32f407xx.o(RESET)
</UL>
<P><STRONG><a name="[49]"></a>TIM7_IRQHandler</STRONG> (Thumb, 0 bytes, Stack size 0 bytes, startup_stm32f407xx.o(.text))
<BR>[Address Reference Count : 1]<UL><LI> startup_stm32f407xx.o(RESET)
</UL>
<P><STRONG><a name="[3d]"></a>TIM8_BRK_TIM12_IRQHandler</STRONG> (Thumb, 0 bytes, Stack size 0 bytes, startup_stm32f407xx.o(.text))
<BR>[Address Reference Count : 1]<UL><LI> startup_stm32f407xx.o(RESET)
</UL>
<P><STRONG><a name="[40]"></a>TIM8_CC_IRQHandler</STRONG> (Thumb, 0 bytes, Stack size 0 bytes, startup_stm32f407xx.o(.text))
<BR>[Address Reference Count : 1]<UL><LI> startup_stm32f407xx.o(RESET)
</UL>
<P><STRONG><a name="[3f]"></a>TIM8_TRG_COM_TIM14_IRQHandler</STRONG> (Thumb, 0 bytes, Stack size 0 bytes, startup_stm32f407xx.o(.text))
<BR>[Address Reference Count : 1]<UL><LI> startup_stm32f407xx.o(RESET)
</UL>
<P><STRONG><a name="[3e]"></a>TIM8_UP_TIM13_IRQHandler</STRONG> (Thumb, 0 bytes, Stack size 0 bytes, startup_stm32f407xx.o(.text))
<BR>[Address Reference Count : 1]<UL><LI> startup_stm32f407xx.o(RESET)
</UL>
<P><STRONG><a name="[46]"></a>UART4_IRQHandler</STRONG> (Thumb, 0 bytes, Stack size 0 bytes, startup_stm32f407xx.o(.text))
<BR>[Address Reference Count : 1]<UL><LI> startup_stm32f407xx.o(RESET)
</UL>
<P><STRONG><a name="[47]"></a>UART5_IRQHandler</STRONG> (Thumb, 0 bytes, Stack size 0 bytes, startup_stm32f407xx.o(.text))
<BR>[Address Reference Count : 1]<UL><LI> startup_stm32f407xx.o(RESET)
</UL>
<P><STRONG><a name="[37]"></a>USART1_IRQHandler</STRONG> (Thumb, 0 bytes, Stack size 0 bytes, startup_stm32f407xx.o(.text))
<BR>[Address Reference Count : 1]<UL><LI> startup_stm32f407xx.o(RESET)
</UL>
<P><STRONG><a name="[38]"></a>USART2_IRQHandler</STRONG> (Thumb, 0 bytes, Stack size 0 bytes, startup_stm32f407xx.o(.text))
<BR>[Address Reference Count : 1]<UL><LI> startup_stm32f407xx.o(RESET)
</UL>
<P><STRONG><a name="[39]"></a>USART3_IRQHandler</STRONG> (Thumb, 0 bytes, Stack size 0 bytes, startup_stm32f407xx.o(.text))
<BR>[Address Reference Count : 1]<UL><LI> startup_stm32f407xx.o(RESET)
</UL>
<P><STRONG><a name="[59]"></a>USART6_IRQHandler</STRONG> (Thumb, 0 bytes, Stack size 0 bytes, startup_stm32f407xx.o(.text))
<BR>[Address Reference Count : 1]<UL><LI> startup_stm32f407xx.o(RESET)
</UL>
<P><STRONG><a name="[12]"></a>WWDG_IRQHandler</STRONG> (Thumb, 0 bytes, Stack size 0 bytes, startup_stm32f407xx.o(.text))
<BR>[Address Reference Count : 1]<UL><LI> startup_stm32f407xx.o(RESET)
</UL>
<P><STRONG><a name="[135]"></a>__user_initial_stackheap</STRONG> (Thumb, 0 bytes, Stack size unknown bytes, startup_stm32f407xx.o(.text))
<BR><BR>[Called By]<UL><LI><a href="#[e4]">&gt;&gt;</a>&nbsp;&nbsp;&nbsp;__user_setup_stackheap
</UL>

<P><STRONG><a name="[e]"></a>SVC_Handler</STRONG> (Thumb, 152 bytes, Stack size 0 bytes, irq_cm4f.o(.text))
<BR>[Address Reference Count : 1]<UL><LI> startup_stm32f407xx.o(RESET)
</UL>
<P><STRONG><a name="[10]"></a>PendSV_Handler</STRONG> (Thumb, 16 bytes, Stack size 0 bytes, irq_cm4f.o(.text))
<BR><BR>[Stack]<UL><LI>Max Depth = 40<LI>Call Chain = PendSV_Handler &rArr; osRtxPendSV_Handler &rArr; osRtxThreadDispatch
</UL>
<BR>[Calls]<UL><LI><a href="#[f0]">&gt;&gt;</a>&nbsp;&nbsp;&nbsp;osRtxPendSV_Handler
</UL>
<BR>[Address Reference Count : 1]<UL><LI> startup_stm32f407xx.o(RESET)
</UL>
<P><STRONG><a name="[11]"></a>SysTick_Handler</STRONG> (Thumb, 16 bytes, Stack size 0 bytes, irq_cm4f.o(.text))
<BR><BR>[Stack]<UL><LI>Max Depth = 32<LI>Call Chain = SysTick_Handler &rArr; osRtxTick_Handler &rArr; osRtxThreadDispatch
</UL>
<BR>[Calls]<UL><LI><a href="#[f1]">&gt;&gt;</a>&nbsp;&nbsp;&nbsp;osRtxTick_Handler
</UL>
<BR>[Address Reference Count : 2]<UL><LI> startup_stm32f407xx.o(RESET)
<LI> rtx_kernel.o(.text.svcRtxKernelStart)
</UL>
<P><STRONG><a name="[f2]"></a>calloc</STRONG> (Thumb, 40 bytes, Stack size 16 bytes, calloc.o(.text))
<BR><BR>[Stack]<UL><LI>Max Depth = 104<LI>Call Chain = calloc &rArr; malloc &rArr; _malloc_internal &rArr; __Heap_Full &rArr; __Heap_ProvideMemory &rArr; _free_internal &rArr; _mutex_release &rArr; os_kernel_is_active
</UL>
<BR>[Calls]<UL><LI><a href="#[f3]">&gt;&gt;</a>&nbsp;&nbsp;&nbsp;malloc
<LI><a href="#[f4]">&gt;&gt;</a>&nbsp;&nbsp;&nbsp;__aeabi_memclr
</UL>
<BR>[Called By]<UL><LI><a href="#[1d4]">&gt;&gt;</a>&nbsp;&nbsp;&nbsp;tlv_file_unpack
<LI><a href="#[22a]">&gt;&gt;</a>&nbsp;&nbsp;&nbsp;tlv_desc_new
</UL>

<P><STRONG><a name="[f5]"></a>_free_internal</STRONG> (Thumb, 98 bytes, Stack size 16 bytes, h1_free_mt.o(.text))
<BR><BR>[Stack]<UL><LI>Max Depth = 32<LI>Call Chain = _free_internal &rArr; _mutex_release &rArr; os_kernel_is_active
</UL>
<BR>[Calls]<UL><LI><a href="#[cb]">&gt;&gt;</a>&nbsp;&nbsp;&nbsp;_mutex_release
<LI><a href="#[ca]">&gt;&gt;</a>&nbsp;&nbsp;&nbsp;_mutex_acquire
</UL>
<BR>[Called By]<UL><LI><a href="#[97]">&gt;&gt;</a>&nbsp;&nbsp;&nbsp;free
<LI><a href="#[11c]">&gt;&gt;</a>&nbsp;&nbsp;&nbsp;__Heap_ProvideMemory
</UL>

<P><STRONG><a name="[97]"></a>free</STRONG> (Thumb, 20 bytes, Stack size 8 bytes, h1_free_mt.o(.text))
<BR><BR>[Stack]<UL><LI>Max Depth = 40<LI>Call Chain = free &rArr; _free_internal &rArr; _mutex_release &rArr; os_kernel_is_active
</UL>
<BR>[Calls]<UL><LI><a href="#[f6]">&gt;&gt;</a>&nbsp;&nbsp;&nbsp;__rt_heap_descriptor
<LI><a href="#[f5]">&gt;&gt;</a>&nbsp;&nbsp;&nbsp;_free_internal
</UL>
<BR>[Called By]<UL><LI><a href="#[1d4]">&gt;&gt;</a>&nbsp;&nbsp;&nbsp;tlv_file_unpack
<LI><a href="#[e0]">&gt;&gt;</a>&nbsp;&nbsp;&nbsp;_terminateio
<LI><a href="#[109]">&gt;&gt;</a>&nbsp;&nbsp;&nbsp;_fclose_internal
</UL>
<BR>[Address Reference Count : 1]<UL><LI> tlv.o(.text.tlv_file_unpack)
</UL>
<P><STRONG><a name="[16d]"></a>__aeabi_uldivmod</STRONG> (Thumb, 0 bytes, Stack size 48 bytes, lludivv7m.o(.text))
<BR><BR>[Stack]<UL><LI>Max Depth = 48<LI>Call Chain = __aeabi_uldivmod
</UL>
<BR>[Called By]<UL><LI><a href="#[1c7]">&gt;&gt;</a>&nbsp;&nbsp;&nbsp;dot_format
<LI><a href="#[16c]">&gt;&gt;</a>&nbsp;&nbsp;&nbsp;HAL_RCC_GetSysClockFreq
</UL>

<P><STRONG><a name="[29a]"></a>_ll_udiv</STRONG> (Thumb, 238 bytes, Stack size 48 bytes, lludivv7m.o(.text), UNUSED)

<P><STRONG><a name="[f7]"></a>__2printf</STRONG> (Thumb, 20 bytes, Stack size 24 bytes, __2printf.o(.text))
<BR><BR>[Stack]<UL><LI>Max Depth = 152 + Unknown Stack Size
<LI>Call Chain = __2printf &rArr; _printf_char_file &rArr; _printf_char_common &rArr; __printf
</UL>
<BR>[Calls]<UL><LI><a href="#[f8]">&gt;&gt;</a>&nbsp;&nbsp;&nbsp;_printf_char_file
</UL>
<BR>[Called By]<UL><LI><a href="#[1c6]">&gt;&gt;</a>&nbsp;&nbsp;&nbsp;fram_map_cfg_write
<LI><a href="#[1c4]">&gt;&gt;</a>&nbsp;&nbsp;&nbsp;fram_map_cfg_read
<LI><a href="#[1c5]">&gt;&gt;</a>&nbsp;&nbsp;&nbsp;cswrite_cfg_save
<LI><a href="#[15a]">&gt;&gt;</a>&nbsp;&nbsp;&nbsp;dbg_unlock
<LI><a href="#[158]">&gt;&gt;</a>&nbsp;&nbsp;&nbsp;dbg_lock
<LI><a href="#[1a5]">&gt;&gt;</a>&nbsp;&nbsp;&nbsp;dbg_init
<LI><a href="#[1ac]">&gt;&gt;</a>&nbsp;&nbsp;&nbsp;cswrite_cfg_load
<LI><a href="#[1a4]">&gt;&gt;</a>&nbsp;&nbsp;&nbsp;bootloader_entry
<LI><a href="#[1af]">&gt;&gt;</a>&nbsp;&nbsp;&nbsp;show_bytes
<LI><a href="#[17d]">&gt;&gt;</a>&nbsp;&nbsp;&nbsp;w25qxx_read
<LI><a href="#[17c]">&gt;&gt;</a>&nbsp;&nbsp;&nbsp;w25qxx_program
<LI><a href="#[17b]">&gt;&gt;</a>&nbsp;&nbsp;&nbsp;w25qxx_power_control
<LI><a href="#[142]">&gt;&gt;</a>&nbsp;&nbsp;&nbsp;w25qxx_erase_sector
<LI><a href="#[141]">&gt;&gt;</a>&nbsp;&nbsp;&nbsp;w25qxx_chip_erase
<LI><a href="#[1e4]">&gt;&gt;</a>&nbsp;&nbsp;&nbsp;tlv_file_verify
<LI><a href="#[1d4]">&gt;&gt;</a>&nbsp;&nbsp;&nbsp;tlv_file_unpack
<LI><a href="#[22b]">&gt;&gt;</a>&nbsp;&nbsp;&nbsp;tlv_file_calc_crc32
</UL>

<P><STRONG><a name="[6e]"></a>__2fprintf</STRONG> (Thumb, 20 bytes, Stack size 24 bytes, __2fprintf.o(.text))
<BR><BR>[Stack]<UL><LI>Max Depth = 152 + Unknown Stack Size
<LI>Call Chain = __2fprintf &rArr; _printf_char_file &rArr; _printf_char_common &rArr; __printf
</UL>
<BR>[Calls]<UL><LI><a href="#[f8]">&gt;&gt;</a>&nbsp;&nbsp;&nbsp;_printf_char_file
</UL>
<BR>[Called By]<UL><LI><a href="#[1c6]">&gt;&gt;</a>&nbsp;&nbsp;&nbsp;fram_map_cfg_write
<LI><a href="#[1c4]">&gt;&gt;</a>&nbsp;&nbsp;&nbsp;fram_map_cfg_read
<LI><a href="#[1c5]">&gt;&gt;</a>&nbsp;&nbsp;&nbsp;cswrite_cfg_save
<LI><a href="#[1aa]">&gt;&gt;</a>&nbsp;&nbsp;&nbsp;key_init
<LI><a href="#[1b6]">&gt;&gt;</a>&nbsp;&nbsp;&nbsp;file_read
<LI><a href="#[1ab]">&gt;&gt;</a>&nbsp;&nbsp;&nbsp;file_init
<LI><a href="#[1ba]">&gt;&gt;</a>&nbsp;&nbsp;&nbsp;file_firmware_updated
<LI><a href="#[1bc]">&gt;&gt;</a>&nbsp;&nbsp;&nbsp;file_firmware_recovery
<LI><a href="#[1b0]">&gt;&gt;</a>&nbsp;&nbsp;&nbsp;file_firmware_load
<LI><a href="#[1b3]">&gt;&gt;</a>&nbsp;&nbsp;&nbsp;file_code_open
<LI><a href="#[1ac]">&gt;&gt;</a>&nbsp;&nbsp;&nbsp;cswrite_cfg_load
<LI><a href="#[1ae]">&gt;&gt;</a>&nbsp;&nbsp;&nbsp;cswrite_cfg_get_serial_id
<LI><a href="#[1a4]">&gt;&gt;</a>&nbsp;&nbsp;&nbsp;bootloader_entry
<LI><a href="#[9a]">&gt;&gt;</a>&nbsp;&nbsp;&nbsp;Initialize
<LI><a href="#[17d]">&gt;&gt;</a>&nbsp;&nbsp;&nbsp;w25qxx_read
<LI><a href="#[17c]">&gt;&gt;</a>&nbsp;&nbsp;&nbsp;w25qxx_program
<LI><a href="#[178]">&gt;&gt;</a>&nbsp;&nbsp;&nbsp;w25qxx_open
<LI><a href="#[177]">&gt;&gt;</a>&nbsp;&nbsp;&nbsp;w25qxx_init
<LI><a href="#[142]">&gt;&gt;</a>&nbsp;&nbsp;&nbsp;w25qxx_erase_sector
<LI><a href="#[141]">&gt;&gt;</a>&nbsp;&nbsp;&nbsp;w25qxx_chip_erase
<LI><a href="#[22e]">&gt;&gt;</a>&nbsp;&nbsp;&nbsp;wait_until_timeout
<LI><a href="#[230]">&gt;&gt;</a>&nbsp;&nbsp;&nbsp;wait_for_busy
<LI><a href="#[22d]">&gt;&gt;</a>&nbsp;&nbsp;&nbsp;transfer
<LI><a href="#[72]">&gt;&gt;</a>&nbsp;&nbsp;&nbsp;thread_key
<LI><a href="#[156]">&gt;&gt;</a>&nbsp;&nbsp;&nbsp;HAL_GPIO_EXTI_Callback
<LI><a href="#[1e4]">&gt;&gt;</a>&nbsp;&nbsp;&nbsp;tlv_file_verify
<LI><a href="#[1d4]">&gt;&gt;</a>&nbsp;&nbsp;&nbsp;tlv_file_unpack
<LI><a href="#[1e0]">&gt;&gt;</a>&nbsp;&nbsp;&nbsp;file_seek
<LI><a href="#[1df]">&gt;&gt;</a>&nbsp;&nbsp;&nbsp;file_open
<LI><a href="#[1d7]">&gt;&gt;</a>&nbsp;&nbsp;&nbsp;file_get_pos
<LI><a href="#[1cc]">&gt;&gt;</a>&nbsp;&nbsp;&nbsp;file_close
<LI><a href="#[22b]">&gt;&gt;</a>&nbsp;&nbsp;&nbsp;tlv_file_calc_crc32
<LI><a href="#[c7]">&gt;&gt;</a>&nbsp;&nbsp;&nbsp;file_firmware_upgrade
<LI><a href="#[1c1]">&gt;&gt;</a>&nbsp;&nbsp;&nbsp;copy
<LI><a href="#[1d2]">&gt;&gt;</a>&nbsp;&nbsp;&nbsp;file_verify
<LI><a href="#[1d1]">&gt;&gt;</a>&nbsp;&nbsp;&nbsp;file_get_size
<LI><a href="#[1cf]">&gt;&gt;</a>&nbsp;&nbsp;&nbsp;get_file_name
<LI><a href="#[1ce]">&gt;&gt;</a>&nbsp;&nbsp;&nbsp;get_file_ext_by_id
<LI><a href="#[1cd]">&gt;&gt;</a>&nbsp;&nbsp;&nbsp;get_file_ext_by_fp
<LI><a href="#[1db]">&gt;&gt;</a>&nbsp;&nbsp;&nbsp;file_system_format
</UL>
<BR>[Address Reference Count : 1]<UL><LI> files.o(.text.file_init)
</UL>
<P><STRONG><a name="[6d]"></a>__2sprintf</STRONG> (Thumb, 38 bytes, Stack size 32 bytes, __2sprintf.o(.text))
<BR><BR>[Stack]<UL><LI>Max Depth = 136 + Unknown Stack Size
<LI>Call Chain = __2sprintf &rArr; _printf_char_common &rArr; __printf
</UL>
<BR>[Calls]<UL><LI><a href="#[65]">&gt;&gt;</a>&nbsp;&nbsp;&nbsp;_sputc
<LI><a href="#[f9]">&gt;&gt;</a>&nbsp;&nbsp;&nbsp;_printf_char_common
</UL>
<BR>[Called By]<UL><LI><a href="#[1c7]">&gt;&gt;</a>&nbsp;&nbsp;&nbsp;dot_format
</UL>
<BR>[Address Reference Count : 1]<UL><LI> files.o(.text.dot_format)
</UL>
<P><STRONG><a name="[fb]"></a>_printf_pre_padding</STRONG> (Thumb, 44 bytes, Stack size 16 bytes, _printf_pad.o(.text))
<BR><BR>[Stack]<UL><LI>Max Depth = 16<LI>Call Chain = _printf_pre_padding
</UL>
<BR>[Called By]<UL><LI><a href="#[fd]">&gt;&gt;</a>&nbsp;&nbsp;&nbsp;_printf_int_common
<LI><a href="#[fa]">&gt;&gt;</a>&nbsp;&nbsp;&nbsp;_printf_str
</UL>

<P><STRONG><a name="[fc]"></a>_printf_post_padding</STRONG> (Thumb, 34 bytes, Stack size 16 bytes, _printf_pad.o(.text))
<BR><BR>[Stack]<UL><LI>Max Depth = 16<LI>Call Chain = _printf_post_padding
</UL>
<BR>[Called By]<UL><LI><a href="#[fd]">&gt;&gt;</a>&nbsp;&nbsp;&nbsp;_printf_int_common
<LI><a href="#[fa]">&gt;&gt;</a>&nbsp;&nbsp;&nbsp;_printf_str
</UL>

<P><STRONG><a name="[fa]"></a>_printf_str</STRONG> (Thumb, 82 bytes, Stack size 16 bytes, _printf_str.o(.text))
<BR><BR>[Stack]<UL><LI>Max Depth = 32<LI>Call Chain = _printf_str &rArr; _printf_post_padding
</UL>
<BR>[Calls]<UL><LI><a href="#[fc]">&gt;&gt;</a>&nbsp;&nbsp;&nbsp;_printf_post_padding
<LI><a href="#[fb]">&gt;&gt;</a>&nbsp;&nbsp;&nbsp;_printf_pre_padding
</UL>
<BR>[Called By]<UL><LI><a href="#[122]">&gt;&gt;</a>&nbsp;&nbsp;&nbsp;_printf_cs_common
</UL>

<P><STRONG><a name="[d4]"></a>_printf_int_dec</STRONG> (Thumb, 104 bytes, Stack size 24 bytes, _printf_dec.o(.text))
<BR><BR>[Stack]<UL><LI>Max Depth = 72<LI>Call Chain = _printf_int_dec &rArr; _printf_int_common &rArr; _printf_post_padding
</UL>
<BR>[Calls]<UL><LI><a href="#[fd]">&gt;&gt;</a>&nbsp;&nbsp;&nbsp;_printf_int_common
</UL>
<BR>[Called By]<UL><LI><a href="#[d3]">&gt;&gt;</a>&nbsp;&nbsp;&nbsp;_printf_d
</UL>

<P><STRONG><a name="[fe]"></a>_printf_longlong_hex</STRONG> (Thumb, 78 bytes, Stack size 16 bytes, _printf_hex_int_ptr.o(.text))
<BR><BR>[Stack]<UL><LI>Max Depth = 64<LI>Call Chain = _printf_longlong_hex &rArr; _printf_int_common &rArr; _printf_post_padding
</UL>
<BR>[Calls]<UL><LI><a href="#[fd]">&gt;&gt;</a>&nbsp;&nbsp;&nbsp;_printf_int_common
</UL>
<BR>[Called By]<UL><LI><a href="#[d2]">&gt;&gt;</a>&nbsp;&nbsp;&nbsp;_printf_hex_ptr
<LI><a href="#[d6]">&gt;&gt;</a>&nbsp;&nbsp;&nbsp;_printf_int_hex
</UL>

<P><STRONG><a name="[d6]"></a>_printf_int_hex</STRONG> (Thumb, 26 bytes, Stack size 16 bytes, _printf_hex_int_ptr.o(.text))
<BR><BR>[Stack]<UL><LI>Max Depth = 80<LI>Call Chain = _printf_int_hex &rArr; _printf_longlong_hex &rArr; _printf_int_common &rArr; _printf_post_padding
</UL>
<BR>[Calls]<UL><LI><a href="#[fe]">&gt;&gt;</a>&nbsp;&nbsp;&nbsp;_printf_longlong_hex
</UL>
<BR>[Called By]<UL><LI><a href="#[d5]">&gt;&gt;</a>&nbsp;&nbsp;&nbsp;_printf_x
</UL>

<P><STRONG><a name="[d2]"></a>_printf_hex_ptr</STRONG> (Thumb, 16 bytes, Stack size 0 bytes, _printf_hex_int_ptr.o(.text))
<BR><BR>[Stack]<UL><LI>Max Depth = 64<LI>Call Chain = _printf_hex_ptr &rArr; _printf_longlong_hex &rArr; _printf_int_common &rArr; _printf_post_padding
</UL>
<BR>[Calls]<UL><LI><a href="#[fe]">&gt;&gt;</a>&nbsp;&nbsp;&nbsp;_printf_longlong_hex
</UL>
<BR>[Called By]<UL><LI><a href="#[d1]">&gt;&gt;</a>&nbsp;&nbsp;&nbsp;_printf_p
</UL>

<P><STRONG><a name="[ff]"></a>__printf</STRONG> (Thumb, 308 bytes, Stack size 40 bytes, __printf_flags_wp.o(.text))
<BR><BR>[Stack]<UL><LI>Max Depth = 40 + Unknown Stack Size
<LI>Call Chain = __printf
</UL>
<BR>[Calls]<UL><LI><a href="#[101]">&gt;&gt;</a>&nbsp;&nbsp;&nbsp;_printf_percent
<LI><a href="#[100]">&gt;&gt;</a>&nbsp;&nbsp;&nbsp;_is_digit
</UL>
<BR>[Called By]<UL><LI><a href="#[f9]">&gt;&gt;</a>&nbsp;&nbsp;&nbsp;_printf_char_common
</UL>

<P><STRONG><a name="[102]"></a>_fseek</STRONG> (Thumb, 242 bytes, Stack size 24 bytes, fseek.o(.text))
<BR><BR>[Stack]<UL><LI>Max Depth = 120<LI>Call Chain = _fseek &rArr; _sys_flen &rArr; __sys_flen &rArr; efs_flen &rArr; file_size_get &rArr; sign_read &rArr; fs_set_rtos_delay
</UL>
<BR>[Calls]<UL><LI><a href="#[103]">&gt;&gt;</a>&nbsp;&nbsp;&nbsp;_sys_istty
<LI><a href="#[105]">&gt;&gt;</a>&nbsp;&nbsp;&nbsp;_sys_flen
<LI><a href="#[106]">&gt;&gt;</a>&nbsp;&nbsp;&nbsp;_seterr
<LI><a href="#[104]">&gt;&gt;</a>&nbsp;&nbsp;&nbsp;_ftell_internal
</UL>
<BR>[Called By]<UL><LI><a href="#[112]">&gt;&gt;</a>&nbsp;&nbsp;&nbsp;_freopen_locked
<LI><a href="#[10f]">&gt;&gt;</a>&nbsp;&nbsp;&nbsp;_do_fflush
<LI><a href="#[10e]">&gt;&gt;</a>&nbsp;&nbsp;&nbsp;fseek
</UL>

<P><STRONG><a name="[29b]"></a>_fseek$unlocked</STRONG> (Thumb, 0 bytes, Stack size 24 bytes, fseek.o(.text), UNUSED)

<P><STRONG><a name="[107]"></a>putchar</STRONG> (Thumb, 6 bytes, Stack size 0 bytes, putchar.o(.text))
<BR><BR>[Stack]<UL><LI>Max Depth = 48<LI>Call Chain = putchar &rArr; fputc &rArr; _fputc$unlocked &rArr; __flsbuf_byte
</UL>
<BR>[Calls]<UL><LI><a href="#[108]">&gt;&gt;</a>&nbsp;&nbsp;&nbsp;fputc
</UL>
<BR>[Called By]<UL><LI><a href="#[1c5]">&gt;&gt;</a>&nbsp;&nbsp;&nbsp;cswrite_cfg_save
<LI><a href="#[1ac]">&gt;&gt;</a>&nbsp;&nbsp;&nbsp;cswrite_cfg_load
<LI><a href="#[1af]">&gt;&gt;</a>&nbsp;&nbsp;&nbsp;show_bytes
<LI><a href="#[1d4]">&gt;&gt;</a>&nbsp;&nbsp;&nbsp;tlv_file_unpack
</UL>

<P><STRONG><a name="[29c]"></a>_fclose$unlocked</STRONG> (Thumb, 0 bytes, Stack size 32 bytes, fclose.o(.text), UNUSED)

<P><STRONG><a name="[109]"></a>_fclose_internal</STRONG> (Thumb, 76 bytes, Stack size 32 bytes, fclose.o(.text))
<BR><BR>[Stack]<UL><LI>Max Depth = 280<LI>Call Chain = _fclose_internal &rArr; _fflush &rArr; _writebuf &rArr; _sys_write &rArr; __sys_write &rArr; efs_write &rArr; efs_wr &rArr; efs_AllocBlock &rArr; efs_get_freeMem &rArr; falloc_read &rArr; fs_set_rtos_delay
</UL>
<BR>[Calls]<UL><LI><a href="#[10b]">&gt;&gt;</a>&nbsp;&nbsp;&nbsp;_sys_close
<LI><a href="#[10a]">&gt;&gt;</a>&nbsp;&nbsp;&nbsp;_fflush
<LI><a href="#[10c]">&gt;&gt;</a>&nbsp;&nbsp;&nbsp;__aeabi_memclr4
<LI><a href="#[97]">&gt;&gt;</a>&nbsp;&nbsp;&nbsp;free
</UL>
<BR>[Called By]<UL><LI><a href="#[e0]">&gt;&gt;</a>&nbsp;&nbsp;&nbsp;_terminateio
<LI><a href="#[112]">&gt;&gt;</a>&nbsp;&nbsp;&nbsp;_freopen_locked
<LI><a href="#[10d]">&gt;&gt;</a>&nbsp;&nbsp;&nbsp;fclose
</UL>

<P><STRONG><a name="[10d]"></a>fclose</STRONG> (Thumb, 46 bytes, Stack size 16 bytes, fclose_locked.o(.text))
<BR><BR>[Stack]<UL><LI>Max Depth = 296<LI>Call Chain = fclose &rArr; _fclose_internal &rArr; _fflush &rArr; _writebuf &rArr; _sys_write &rArr; __sys_write &rArr; efs_write &rArr; efs_wr &rArr; efs_AllocBlock &rArr; efs_get_freeMem &rArr; falloc_read &rArr; fs_set_rtos_delay
</UL>
<BR>[Calls]<UL><LI><a href="#[cb]">&gt;&gt;</a>&nbsp;&nbsp;&nbsp;_mutex_release
<LI><a href="#[ca]">&gt;&gt;</a>&nbsp;&nbsp;&nbsp;_mutex_acquire
<LI><a href="#[109]">&gt;&gt;</a>&nbsp;&nbsp;&nbsp;_fclose_internal
</UL>
<BR>[Called By]<UL><LI><a href="#[c6]">&gt;&gt;</a>&nbsp;&nbsp;&nbsp;file_firmware_close
<LI><a href="#[1c1]">&gt;&gt;</a>&nbsp;&nbsp;&nbsp;copy
</UL>

<P><STRONG><a name="[10e]"></a>fseek</STRONG> (Thumb, 44 bytes, Stack size 24 bytes, fseek_locked.o(.text))
<BR><BR>[Stack]<UL><LI>Max Depth = 144<LI>Call Chain = fseek &rArr; _fseek &rArr; _sys_flen &rArr; __sys_flen &rArr; efs_flen &rArr; file_size_get &rArr; sign_read &rArr; fs_set_rtos_delay
</UL>
<BR>[Calls]<UL><LI><a href="#[cb]">&gt;&gt;</a>&nbsp;&nbsp;&nbsp;_mutex_release
<LI><a href="#[ca]">&gt;&gt;</a>&nbsp;&nbsp;&nbsp;_mutex_acquire
<LI><a href="#[102]">&gt;&gt;</a>&nbsp;&nbsp;&nbsp;_fseek
</UL>
<BR>[Called By]<UL><LI><a href="#[1b3]">&gt;&gt;</a>&nbsp;&nbsp;&nbsp;file_code_open
<LI><a href="#[1e0]">&gt;&gt;</a>&nbsp;&nbsp;&nbsp;file_seek
</UL>

<P><STRONG><a name="[10f]"></a>_do_fflush</STRONG> (Thumb, 74 bytes, Stack size 24 bytes, fflush_locked.o(.text), UNUSED)
<BR><BR>[Calls]<UL><LI><a href="#[cb]">&gt;&gt;</a>&nbsp;&nbsp;&nbsp;_mutex_release
<LI><a href="#[ca]">&gt;&gt;</a>&nbsp;&nbsp;&nbsp;_mutex_acquire
<LI><a href="#[10a]">&gt;&gt;</a>&nbsp;&nbsp;&nbsp;_fflush
<LI><a href="#[102]">&gt;&gt;</a>&nbsp;&nbsp;&nbsp;_fseek
</UL>
<BR>[Called By]<UL><LI><a href="#[110]">&gt;&gt;</a>&nbsp;&nbsp;&nbsp;$Super$$fflush
<LI><a href="#[12f]">&gt;&gt;</a>&nbsp;&nbsp;&nbsp;_flushlinebuffered
</UL>

<P><STRONG><a name="[110]"></a>$Super$$fflush</STRONG> (Thumb, 60 bytes, Stack size 24 bytes, fflush_locked.o(.text), UNUSED)
<BR><BR>[Calls]<UL><LI><a href="#[cb]">&gt;&gt;</a>&nbsp;&nbsp;&nbsp;_mutex_release
<LI><a href="#[ca]">&gt;&gt;</a>&nbsp;&nbsp;&nbsp;_mutex_acquire
<LI><a href="#[10f]">&gt;&gt;</a>&nbsp;&nbsp;&nbsp;_do_fflush
</UL>

<P><STRONG><a name="[111]"></a>fgetpos</STRONG> (Thumb, 56 bytes, Stack size 16 bytes, fgetpos_locked.o(.text))
<BR><BR>[Stack]<UL><LI>Max Depth = 40<LI>Call Chain = fgetpos &rArr; _ftell_internal &rArr; __aeabi_errno_addr &rArr; __user_perthread_libspace &rArr; os_kernel_is_active
</UL>
<BR>[Calls]<UL><LI><a href="#[cb]">&gt;&gt;</a>&nbsp;&nbsp;&nbsp;_mutex_release
<LI><a href="#[ca]">&gt;&gt;</a>&nbsp;&nbsp;&nbsp;_mutex_acquire
<LI><a href="#[104]">&gt;&gt;</a>&nbsp;&nbsp;&nbsp;_ftell_internal
</UL>
<BR>[Called By]<UL><LI><a href="#[1d7]">&gt;&gt;</a>&nbsp;&nbsp;&nbsp;file_get_pos
</UL>

<P><STRONG><a name="[114]"></a>freopen</STRONG> (Thumb, 42 bytes, Stack size 24 bytes, fopen_locked.o(.text))
<BR><BR>[Stack]<UL><LI>Max Depth = 336<LI>Call Chain = freopen &rArr; _freopen_locked &rArr; _fclose_internal &rArr; _fflush &rArr; _writebuf &rArr; _sys_write &rArr; __sys_write &rArr; efs_write &rArr; efs_wr &rArr; efs_AllocBlock &rArr; efs_get_freeMem &rArr; falloc_read &rArr; fs_set_rtos_delay
</UL>
<BR>[Calls]<UL><LI><a href="#[cb]">&gt;&gt;</a>&nbsp;&nbsp;&nbsp;_mutex_release
<LI><a href="#[ca]">&gt;&gt;</a>&nbsp;&nbsp;&nbsp;_mutex_acquire
<LI><a href="#[112]">&gt;&gt;</a>&nbsp;&nbsp;&nbsp;_freopen_locked
</UL>
<BR>[Called By]<UL><LI><a href="#[de]">&gt;&gt;</a>&nbsp;&nbsp;&nbsp;_initio
</UL>

<P><STRONG><a name="[115]"></a>fopen</STRONG> (Thumb, 100 bytes, Stack size 24 bytes, fopen_locked.o(.text))
<BR><BR>[Stack]<UL><LI>Max Depth = 336<LI>Call Chain = fopen &rArr; _freopen_locked &rArr; _fclose_internal &rArr; _fflush &rArr; _writebuf &rArr; _sys_write &rArr; __sys_write &rArr; efs_write &rArr; efs_wr &rArr; efs_AllocBlock &rArr; efs_get_freeMem &rArr; falloc_read &rArr; fs_set_rtos_delay
</UL>
<BR>[Calls]<UL><LI><a href="#[cb]">&gt;&gt;</a>&nbsp;&nbsp;&nbsp;_mutex_release
<LI><a href="#[c9]">&gt;&gt;</a>&nbsp;&nbsp;&nbsp;_mutex_initialize
<LI><a href="#[ca]">&gt;&gt;</a>&nbsp;&nbsp;&nbsp;_mutex_acquire
<LI><a href="#[f3]">&gt;&gt;</a>&nbsp;&nbsp;&nbsp;malloc
<LI><a href="#[10c]">&gt;&gt;</a>&nbsp;&nbsp;&nbsp;__aeabi_memclr4
<LI><a href="#[112]">&gt;&gt;</a>&nbsp;&nbsp;&nbsp;_freopen_locked
</UL>
<BR>[Called By]<UL><LI><a href="#[1b3]">&gt;&gt;</a>&nbsp;&nbsp;&nbsp;file_code_open
<LI><a href="#[c3]">&gt;&gt;</a>&nbsp;&nbsp;&nbsp;file_firmware_open
<LI><a href="#[1c1]">&gt;&gt;</a>&nbsp;&nbsp;&nbsp;copy
</UL>

<P><STRONG><a name="[1e1]"></a>strlen</STRONG> (Thumb, 62 bytes, Stack size 8 bytes, strlen.o(.text))
<BR><BR>[Stack]<UL><LI>Max Depth = 8<LI>Call Chain = strlen
</UL>
<BR>[Called By]<UL><LI><a href="#[178]">&gt;&gt;</a>&nbsp;&nbsp;&nbsp;w25qxx_open
<LI><a href="#[1d0]">&gt;&gt;</a>&nbsp;&nbsp;&nbsp;ffind
<LI><a href="#[1de]">&gt;&gt;</a>&nbsp;&nbsp;&nbsp;file_system_dir
<LI><a href="#[26a]">&gt;&gt;</a>&nbsp;&nbsp;&nbsp;fs_strmatch
</UL>

<P><STRONG><a name="[231]"></a>strncmp</STRONG> (Thumb, 150 bytes, Stack size 16 bytes, strncmp.o(.text))
<BR><BR>[Stack]<UL><LI>Max Depth = 16<LI>Call Chain = strncmp
</UL>
<BR>[Called By]<UL><LI><a href="#[178]">&gt;&gt;</a>&nbsp;&nbsp;&nbsp;w25qxx_open
</UL>

<P><STRONG><a name="[13a]"></a>__aeabi_memcpy</STRONG> (Thumb, 0 bytes, Stack size 0 bytes, rt_memcpy_v6.o(.text))
<BR><BR>[Called By]<UL><LI><a href="#[157]">&gt;&gt;</a>&nbsp;&nbsp;&nbsp;osMessageQueuePut
<LI><a href="#[202]">&gt;&gt;</a>&nbsp;&nbsp;&nbsp;osMessageQueueGet
<LI><a href="#[81]">&gt;&gt;</a>&nbsp;&nbsp;&nbsp;svcRtxMessageQueuePut
<LI><a href="#[7f]">&gt;&gt;</a>&nbsp;&nbsp;&nbsp;svcRtxMessageQueueGet
<LI><a href="#[94]">&gt;&gt;</a>&nbsp;&nbsp;&nbsp;osRtxMessageQueuePostProcess
<LI><a href="#[13b]">&gt;&gt;</a>&nbsp;&nbsp;&nbsp;fwrite
<LI><a href="#[138]">&gt;&gt;</a>&nbsp;&nbsp;&nbsp;fread
</UL>

<P><STRONG><a name="[116]"></a>__rt_memcpy</STRONG> (Thumb, 138 bytes, Stack size 0 bytes, rt_memcpy_v6.o(.text), UNUSED)
<BR><BR>[Calls]<UL><LI><a href="#[117]">&gt;&gt;</a>&nbsp;&nbsp;&nbsp;__aeabi_memcpy4
</UL>

<P><STRONG><a name="[29d]"></a>_memcpy_lastbytes</STRONG> (Thumb, 0 bytes, Stack size unknown bytes, rt_memcpy_v6.o(.text), UNUSED)

<P><STRONG><a name="[117]"></a>__aeabi_memcpy4</STRONG> (Thumb, 0 bytes, Stack size 8 bytes, rt_memcpy_w.o(.text), UNUSED)
<BR><BR>[Called By]<UL><LI><a href="#[116]">&gt;&gt;</a>&nbsp;&nbsp;&nbsp;__rt_memcpy
</UL>

<P><STRONG><a name="[29e]"></a>__aeabi_memcpy8</STRONG> (Thumb, 0 bytes, Stack size 8 bytes, rt_memcpy_w.o(.text), UNUSED)

[...]
<LI><a href="#[249]">&gt;&gt;</a>&nbsp;&nbsp;&nbsp;sign_write
<LI><a href="#[25e]">&gt;&gt;</a>&nbsp;&nbsp;&nbsp;file_delete
<LI><a href="#[265]">&gt;&gt;</a>&nbsp;&nbsp;&nbsp;file_create
<LI><a href="#[24c]">&gt;&gt;</a>&nbsp;&nbsp;&nbsp;falloc_write
<LI><a href="#[267]">&gt;&gt;</a>&nbsp;&nbsp;&nbsp;efs_wr
<LI><a href="#[24f]">&gt;&gt;</a>&nbsp;&nbsp;&nbsp;ed_write
<LI><a href="#[250]">&gt;&gt;</a>&nbsp;&nbsp;&nbsp;ed_delete
<LI><a href="#[24b]">&gt;&gt;</a>&nbsp;&nbsp;&nbsp;ed_copy
</UL>

<P><STRONG><a name="[247]"></a>ed_alloc_block</STRONG> (Thumb, 88 bytes, Stack size 24 bytes, fs_efs.o(i.ed_alloc_block))
<BR><BR>[Stack]<UL><LI>Max Depth = 80<LI>Call Chain = ed_alloc_block &rArr; sign_write &rArr; block_write &rArr; fs_set_rtos_delay
</UL>
<BR>[Calls]<UL><LI><a href="#[249]">&gt;&gt;</a>&nbsp;&nbsp;&nbsp;sign_write
<LI><a href="#[248]">&gt;&gt;</a>&nbsp;&nbsp;&nbsp;sign_read
<LI><a href="#[24a]">&gt;&gt;</a>&nbsp;&nbsp;&nbsp;addr_of_sign
<LI><a href="#[244]">&gt;&gt;</a>&nbsp;&nbsp;&nbsp;addr_of_block
</UL>
<BR>[Called By]<UL><LI><a href="#[24f]">&gt;&gt;</a>&nbsp;&nbsp;&nbsp;ed_write
<LI><a href="#[24b]">&gt;&gt;</a>&nbsp;&nbsp;&nbsp;ed_copy
</UL>

<P><STRONG><a name="[24b]"></a>ed_copy</STRONG> (Thumb, 266 bytes, Stack size 32 bytes, fs_efs.o(i.ed_copy))
<BR><BR>[Stack]<UL><LI>Max Depth = 152<LI>Call Chain = ed_copy &rArr; ed_write &rArr; ed_alloc_block &rArr; sign_write &rArr; block_write &rArr; fs_set_rtos_delay
</UL>
<BR>[Calls]<UL><LI><a href="#[24d]">&gt;&gt;</a>&nbsp;&nbsp;&nbsp;file_size_get
<LI><a href="#[24c]">&gt;&gt;</a>&nbsp;&nbsp;&nbsp;falloc_write
<LI><a href="#[24e]">&gt;&gt;</a>&nbsp;&nbsp;&nbsp;efs_rd
<LI><a href="#[24f]">&gt;&gt;</a>&nbsp;&nbsp;&nbsp;ed_write
<LI><a href="#[247]">&gt;&gt;</a>&nbsp;&nbsp;&nbsp;ed_alloc_block
<LI><a href="#[246]">&gt;&gt;</a>&nbsp;&nbsp;&nbsp;block_write
<LI><a href="#[245]">&gt;&gt;</a>&nbsp;&nbsp;&nbsp;block_read
<LI><a href="#[244]">&gt;&gt;</a>&nbsp;&nbsp;&nbsp;addr_of_block
</UL>
<BR>[Called By]<UL><LI><a href="#[25b]">&gt;&gt;</a>&nbsp;&nbsp;&nbsp;efs_defrag
</UL>

<P><STRONG><a name="[250]"></a>ed_delete</STRONG> (Thumb, 152 bytes, Stack size 48 bytes, fs_efs.o(i.ed_delete))
<BR><BR>[Stack]<UL><LI>Max Depth = 104<LI>Call Chain = ed_delete &rArr; efs_BlockInvalid &rArr; falloc_read &rArr; fs_set_rtos_delay
</UL>
<BR>[Calls]<UL><LI><a href="#[248]">&gt;&gt;</a>&nbsp;&nbsp;&nbsp;sign_read
<LI><a href="#[251]">&gt;&gt;</a>&nbsp;&nbsp;&nbsp;falloc_read
<LI><a href="#[252]">&gt;&gt;</a>&nbsp;&nbsp;&nbsp;efs_BlockInvalid
<LI><a href="#[246]">&gt;&gt;</a>&nbsp;&nbsp;&nbsp;block_write
<LI><a href="#[243]">&gt;&gt;</a>&nbsp;&nbsp;&nbsp;block_erase
</UL>
<BR>[Called By]<UL><LI><a href="#[25b]">&gt;&gt;</a>&nbsp;&nbsp;&nbsp;efs_defrag
</UL>

<P><STRONG><a name="[253]"></a>ed_get_next</STRONG> (Thumb, 158 bytes, Stack size 48 bytes, fs_efs.o(i.ed_get_next))
<BR><BR>[Stack]<UL><LI>Max Depth = 80<LI>Call Chain = ed_get_next &rArr; sign_read &rArr; fs_set_rtos_delay
</UL>
<BR>[Calls]<UL><LI><a href="#[248]">&gt;&gt;</a>&nbsp;&nbsp;&nbsp;sign_read
<LI><a href="#[251]">&gt;&gt;</a>&nbsp;&nbsp;&nbsp;falloc_read
</UL>
<BR>[Called By]<UL><LI><a href="#[25b]">&gt;&gt;</a>&nbsp;&nbsp;&nbsp;efs_defrag
</UL>

<P><STRONG><a name="[24f]"></a>ed_write</STRONG> (Thumb, 140 bytes, Stack size 40 bytes, fs_efs.o(i.ed_write))
<BR><BR>[Stack]<UL><LI>Max Depth = 120<LI>Call Chain = ed_write &rArr; ed_alloc_block &rArr; sign_write &rArr; block_write &rArr; fs_set_rtos_delay
</UL>
<BR>[Calls]<UL><LI><a href="#[24c]">&gt;&gt;</a>&nbsp;&nbsp;&nbsp;falloc_write
<LI><a href="#[247]">&gt;&gt;</a>&nbsp;&nbsp;&nbsp;ed_alloc_block
<LI><a href="#[246]">&gt;&gt;</a>&nbsp;&nbsp;&nbsp;block_write
<LI><a href="#[244]">&gt;&gt;</a>&nbsp;&nbsp;&nbsp;addr_of_block
</UL>
<BR>[Called By]<UL><LI><a href="#[24b]">&gt;&gt;</a>&nbsp;&nbsp;&nbsp;ed_copy
</UL>

<P><STRONG><a name="[254]"></a>efs_AllocBlock</STRONG> (Thumb, 142 bytes, Stack size 24 bytes, fs_efs.o(i.efs_AllocBlock))
<BR><BR>[Stack]<UL><LI>Max Depth = 88<LI>Call Chain = efs_AllocBlock &rArr; efs_get_freeMem &rArr; falloc_read &rArr; fs_set_rtos_delay
</UL>
<BR>[Calls]<UL><LI><a href="#[249]">&gt;&gt;</a>&nbsp;&nbsp;&nbsp;sign_write
<LI><a href="#[248]">&gt;&gt;</a>&nbsp;&nbsp;&nbsp;sign_read
<LI><a href="#[257]">&gt;&gt;</a>&nbsp;&nbsp;&nbsp;efs_mark_freeMem
<LI><a href="#[255]">&gt;&gt;</a>&nbsp;&nbsp;&nbsp;efs_is_busy
<LI><a href="#[256]">&gt;&gt;</a>&nbsp;&nbsp;&nbsp;efs_get_freeMem
<LI><a href="#[244]">&gt;&gt;</a>&nbsp;&nbsp;&nbsp;addr_of_block
</UL>
<BR>[Called By]<UL><LI><a href="#[267]">&gt;&gt;</a>&nbsp;&nbsp;&nbsp;efs_wr
</UL>

<P><STRONG><a name="[252]"></a>efs_BlockInvalid</STRONG> (Thumb, 54 bytes, Stack size 24 bytes, fs_efs.o(i.efs_BlockInvalid))
<BR><BR>[Stack]<UL><LI>Max Depth = 56<LI>Call Chain = efs_BlockInvalid &rArr; falloc_read &rArr; fs_set_rtos_delay
</UL>
<BR>[Calls]<UL><LI><a href="#[251]">&gt;&gt;</a>&nbsp;&nbsp;&nbsp;falloc_read
<LI><a href="#[24a]">&gt;&gt;</a>&nbsp;&nbsp;&nbsp;addr_of_sign
</UL>
<BR>[Called By]<UL><LI><a href="#[25b]">&gt;&gt;</a>&nbsp;&nbsp;&nbsp;efs_defrag
<LI><a href="#[25e]">&gt;&gt;</a>&nbsp;&nbsp;&nbsp;file_delete
<LI><a href="#[250]">&gt;&gt;</a>&nbsp;&nbsp;&nbsp;ed_delete
</UL>

<P><STRONG><a name="[256]"></a>efs_get_freeMem</STRONG> (Thumb, 66 bytes, Stack size 32 bytes, fs_efs.o(i.efs_get_freeMem))
<BR><BR>[Stack]<UL><LI>Max Depth = 64<LI>Call Chain = efs_get_freeMem &rArr; falloc_read &rArr; fs_set_rtos_delay
</UL>
<BR>[Calls]<UL><LI><a href="#[251]">&gt;&gt;</a>&nbsp;&nbsp;&nbsp;falloc_read
<LI><a href="#[24a]">&gt;&gt;</a>&nbsp;&nbsp;&nbsp;addr_of_sign
<LI><a href="#[244]">&gt;&gt;</a>&nbsp;&nbsp;&nbsp;addr_of_block
</UL>
<BR>[Called By]<UL><LI><a href="#[261]">&gt;&gt;</a>&nbsp;&nbsp;&nbsp;efs_free
<LI><a href="#[25b]">&gt;&gt;</a>&nbsp;&nbsp;&nbsp;efs_defrag
<LI><a href="#[265]">&gt;&gt;</a>&nbsp;&nbsp;&nbsp;file_create
<LI><a href="#[254]">&gt;&gt;</a>&nbsp;&nbsp;&nbsp;efs_AllocBlock
</UL>

<P><STRONG><a name="[255]"></a>efs_is_busy</STRONG> (Thumb, 44 bytes, Stack size 12 bytes, fs_efs.o(i.efs_is_busy))
<BR><BR>[Stack]<UL><LI>Max Depth = 12<LI>Call Chain = efs_is_busy
</UL>
<BR>[Called By]<UL><LI><a href="#[25e]">&gt;&gt;</a>&nbsp;&nbsp;&nbsp;file_delete
<LI><a href="#[265]">&gt;&gt;</a>&nbsp;&nbsp;&nbsp;file_create
<LI><a href="#[254]">&gt;&gt;</a>&nbsp;&nbsp;&nbsp;efs_AllocBlock
</UL>

<P><STRONG><a name="[263]"></a>efs_mark_fileMem</STRONG> (Thumb, 138 bytes, Stack size 32 bytes, fs_efs.o(i.efs_mark_fileMem))
<BR><BR>[Stack]<UL><LI>Max Depth = 64<LI>Call Chain = efs_mark_fileMem &rArr; sign_read &rArr; fs_set_rtos_delay
</UL>
<BR>[Calls]<UL><LI><a href="#[248]">&gt;&gt;</a>&nbsp;&nbsp;&nbsp;sign_read
<LI><a href="#[251]">&gt;&gt;</a>&nbsp;&nbsp;&nbsp;falloc_read
</UL>
<BR>[Called By]<UL><LI><a href="#[24e]">&gt;&gt;</a>&nbsp;&nbsp;&nbsp;efs_rd
</UL>

<P><STRONG><a name="[257]"></a>efs_mark_freeMem</STRONG> (Thumb, 68 bytes, Stack size 24 bytes, fs_efs.o(i.efs_mark_freeMem))
<BR><BR>[Stack]<UL><LI>Max Depth = 56<LI>Call Chain = efs_mark_freeMem &rArr; falloc_read &rArr; fs_set_rtos_delay
</UL>
<BR>[Calls]<UL><LI><a href="#[251]">&gt;&gt;</a>&nbsp;&nbsp;&nbsp;falloc_read
<LI><a href="#[24a]">&gt;&gt;</a>&nbsp;&nbsp;&nbsp;addr_of_sign
<LI><a href="#[244]">&gt;&gt;</a>&nbsp;&nbsp;&nbsp;addr_of_block
</UL>
<BR>[Called By]<UL><LI><a href="#[265]">&gt;&gt;</a>&nbsp;&nbsp;&nbsp;file_create
<LI><a href="#[267]">&gt;&gt;</a>&nbsp;&nbsp;&nbsp;efs_wr
<LI><a href="#[254]">&gt;&gt;</a>&nbsp;&nbsp;&nbsp;efs_AllocBlock
</UL>

<P><STRONG><a name="[24e]"></a>efs_rd</STRONG> (Thumb, 126 bytes, Stack size 32 bytes, fs_efs.o(i.efs_rd))
<BR><BR>[Stack]<UL><LI>Max Depth = 96<LI>Call Chain = efs_rd &rArr; efs_mark_fileMem &rArr; sign_read &rArr; fs_set_rtos_delay
</UL>
<BR>[Calls]<UL><LI><a href="#[263]">&gt;&gt;</a>&nbsp;&nbsp;&nbsp;efs_mark_fileMem
<LI><a href="#[245]">&gt;&gt;</a>&nbsp;&nbsp;&nbsp;block_read
<LI><a href="#[244]">&gt;&gt;</a>&nbsp;&nbsp;&nbsp;addr_of_block
</UL>
<BR>[Called By]<UL><LI><a href="#[23c]">&gt;&gt;</a>&nbsp;&nbsp;&nbsp;efs_read
<LI><a href="#[24b]">&gt;&gt;</a>&nbsp;&nbsp;&nbsp;ed_copy
</UL>

<P><STRONG><a name="[259]"></a>efs_vol_chk</STRONG> (Thumb, 36 bytes, Stack size 0 bytes, fs_efs.o(i.efs_vol_chk))
<BR><BR>[Called By]<UL><LI><a href="#[240]">&gt;&gt;</a>&nbsp;&nbsp;&nbsp;efs_write
<LI><a href="#[23e]">&gt;&gt;</a>&nbsp;&nbsp;&nbsp;efs_seek
<LI><a href="#[266]">&gt;&gt;</a>&nbsp;&nbsp;&nbsp;efs_rename
<LI><a href="#[23c]">&gt;&gt;</a>&nbsp;&nbsp;&nbsp;efs_read
<LI><a href="#[23a]">&gt;&gt;</a>&nbsp;&nbsp;&nbsp;efs_open
<LI><a href="#[264]">&gt;&gt;</a>&nbsp;&nbsp;&nbsp;efs_mount
<LI><a href="#[261]">&gt;&gt;</a>&nbsp;&nbsp;&nbsp;efs_free
<LI><a href="#[260]">&gt;&gt;</a>&nbsp;&nbsp;&nbsp;efs_format
<LI><a href="#[235]">&gt;&gt;</a>&nbsp;&nbsp;&nbsp;efs_flen
<LI><a href="#[25f]">&gt;&gt;</a>&nbsp;&nbsp;&nbsp;efs_ffind
<LI><a href="#[242]">&gt;&gt;</a>&nbsp;&nbsp;&nbsp;efs_delete
<LI><a href="#[25b]">&gt;&gt;</a>&nbsp;&nbsp;&nbsp;efs_defrag
<LI><a href="#[233]">&gt;&gt;</a>&nbsp;&nbsp;&nbsp;efs_close
<LI><a href="#[25a]">&gt;&gt;</a>&nbsp;&nbsp;&nbsp;efs_check
<LI><a href="#[258]">&gt;&gt;</a>&nbsp;&nbsp;&nbsp;efs_analyse
</UL>

<P><STRONG><a name="[267]"></a>efs_wr</STRONG> (Thumb, 294 bytes, Stack size 48 bytes, fs_efs.o(i.efs_wr))
<BR><BR>[Stack]<UL><LI>Max Depth = 136<LI>Call Chain = efs_wr &rArr; efs_AllocBlock &rArr; efs_get_freeMem &rArr; falloc_read &rArr; fs_set_rtos_delay
</UL>
<BR>[Calls]<UL><LI><a href="#[249]">&gt;&gt;</a>&nbsp;&nbsp;&nbsp;sign_write
<LI><a href="#[24c]">&gt;&gt;</a>&nbsp;&nbsp;&nbsp;falloc_write
<LI><a href="#[257]">&gt;&gt;</a>&nbsp;&nbsp;&nbsp;efs_mark_freeMem
<LI><a href="#[254]">&gt;&gt;</a>&nbsp;&nbsp;&nbsp;efs_AllocBlock
<LI><a href="#[246]">&gt;&gt;</a>&nbsp;&nbsp;&nbsp;block_write
<LI><a href="#[244]">&gt;&gt;</a>&nbsp;&nbsp;&nbsp;addr_of_block
</UL>
<BR>[Called By]<UL><LI><a href="#[240]">&gt;&gt;</a>&nbsp;&nbsp;&nbsp;efs_write
</UL>

<P><STRONG><a name="[251]"></a>falloc_read</STRONG> (Thumb, 114 bytes, Stack size 24 bytes, fs_efs.o(i.falloc_read))
<BR><BR>[Stack]<UL><LI>Max Depth = 32<LI>Call Chain = falloc_read &rArr; fs_set_rtos_delay
</UL>
<BR>[Calls]<UL><LI><a href="#[1ed]">&gt;&gt;</a>&nbsp;&nbsp;&nbsp;fs_set_rtos_delay
</UL>
<BR>[Called By]<UL><LI><a href="#[23e]">&gt;&gt;</a>&nbsp;&nbsp;&nbsp;efs_seek
<LI><a href="#[266]">&gt;&gt;</a>&nbsp;&nbsp;&nbsp;efs_rename
<LI><a href="#[25f]">&gt;&gt;</a>&nbsp;&nbsp;&nbsp;efs_ffind
<LI><a href="#[25a]">&gt;&gt;</a>&nbsp;&nbsp;&nbsp;efs_check
<LI><a href="#[258]">&gt;&gt;</a>&nbsp;&nbsp;&nbsp;efs_analyse
<LI><a href="#[24d]">&gt;&gt;</a>&nbsp;&nbsp;&nbsp;file_size_get
<LI><a href="#[26e]">&gt;&gt;</a>&nbsp;&nbsp;&nbsp;file_id_alloc
<LI><a href="#[25d]">&gt;&gt;</a>&nbsp;&nbsp;&nbsp;file_find
<LI><a href="#[25e]">&gt;&gt;</a>&nbsp;&nbsp;&nbsp;file_delete
<LI><a href="#[257]">&gt;&gt;</a>&nbsp;&nbsp;&nbsp;efs_mark_freeMem
<LI><a href="#[263]">&gt;&gt;</a>&nbsp;&nbsp;&nbsp;efs_mark_fileMem
<LI><a href="#[256]">&gt;&gt;</a>&nbsp;&nbsp;&nbsp;efs_get_freeMem
<LI><a href="#[252]">&gt;&gt;</a>&nbsp;&nbsp;&nbsp;efs_BlockInvalid
<LI><a href="#[253]">&gt;&gt;</a>&nbsp;&nbsp;&nbsp;ed_get_next
<LI><a href="#[250]">&gt;&gt;</a>&nbsp;&nbsp;&nbsp;ed_delete
</UL>

<P><STRONG><a name="[24c]"></a>falloc_write</STRONG> (Thumb, 32 bytes, Stack size 8 bytes, fs_efs.o(i.falloc_write))
<BR><BR>[Stack]<UL><LI>Max Depth = 40<LI>Call Chain = falloc_write &rArr; block_write &rArr; fs_set_rtos_delay
</UL>
<BR>[Calls]<UL><LI><a href="#[246]">&gt;&gt;</a>&nbsp;&nbsp;&nbsp;block_write
</UL>
<BR>[Called By]<UL><LI><a href="#[233]">&gt;&gt;</a>&nbsp;&nbsp;&nbsp;efs_close
<LI><a href="#[265]">&gt;&gt;</a>&nbsp;&nbsp;&nbsp;file_create
<LI><a href="#[267]">&gt;&gt;</a>&nbsp;&nbsp;&nbsp;efs_wr
<LI><a href="#[24f]">&gt;&gt;</a>&nbsp;&nbsp;&nbsp;ed_write
<LI><a href="#[24b]">&gt;&gt;</a>&nbsp;&nbsp;&nbsp;ed_copy
</UL>

<P><STRONG><a name="[265]"></a>file_create</STRONG> (Thumb, 298 bytes, Stack size 64 bytes, fs_efs.o(i.file_create))
<BR><BR>[Stack]<UL><LI>Max Depth = 128<LI>Call Chain = file_create &rArr; file_id_alloc &rArr; falloc_read &rArr; fs_set_rtos_delay
</UL>
<BR>[Calls]<UL><LI><a href="#[249]">&gt;&gt;</a>&nbsp;&nbsp;&nbsp;sign_write
<LI><a href="#[248]">&gt;&gt;</a>&nbsp;&nbsp;&nbsp;sign_read
<LI><a href="#[26e]">&gt;&gt;</a>&nbsp;&nbsp;&nbsp;file_id_alloc
<LI><a href="#[24c]">&gt;&gt;</a>&nbsp;&nbsp;&nbsp;falloc_write
<LI><a href="#[257]">&gt;&gt;</a>&nbsp;&nbsp;&nbsp;efs_mark_freeMem
<LI><a href="#[255]">&gt;&gt;</a>&nbsp;&nbsp;&nbsp;efs_is_busy
<LI><a href="#[256]">&gt;&gt;</a>&nbsp;&nbsp;&nbsp;efs_get_freeMem
<LI><a href="#[246]">&gt;&gt;</a>&nbsp;&nbsp;&nbsp;block_write
<LI><a href="#[244]">&gt;&gt;</a>&nbsp;&nbsp;&nbsp;addr_of_block
</UL>
<BR>[Called By]<UL><LI><a href="#[266]">&gt;&gt;</a>&nbsp;&nbsp;&nbsp;efs_rename
<LI><a href="#[23a]">&gt;&gt;</a>&nbsp;&nbsp;&nbsp;efs_open
</UL>

<P><STRONG><a name="[25e]"></a>file_delete</STRONG> (Thumb, 152 bytes, Stack size 32 bytes, fs_efs.o(i.file_delete))
<BR><BR>[Stack]<UL><LI>Max Depth = 88<LI>Call Chain = file_delete &rArr; efs_BlockInvalid &rArr; falloc_read &rArr; fs_set_rtos_delay
</UL>
<BR>[Calls]<UL><LI><a href="#[248]">&gt;&gt;</a>&nbsp;&nbsp;&nbsp;sign_read
<LI><a href="#[251]">&gt;&gt;</a>&nbsp;&nbsp;&nbsp;falloc_read
<LI><a href="#[255]">&gt;&gt;</a>&nbsp;&nbsp;&nbsp;efs_is_busy
<LI><a href="#[252]">&gt;&gt;</a>&nbsp;&nbsp;&nbsp;efs_BlockInvalid
<LI><a href="#[246]">&gt;&gt;</a>&nbsp;&nbsp;&nbsp;block_write
<LI><a href="#[243]">&gt;&gt;</a>&nbsp;&nbsp;&nbsp;block_erase
</UL>
<BR>[Called By]<UL><LI><a href="#[23a]">&gt;&gt;</a>&nbsp;&nbsp;&nbsp;efs_open
<LI><a href="#[242]">&gt;&gt;</a>&nbsp;&nbsp;&nbsp;efs_delete
</UL>

<P><STRONG><a name="[25d]"></a>file_find</STRONG> (Thumb, 156 bytes, Stack size 72 bytes, fs_efs.o(i.file_find))
<BR><BR>[Stack]<UL><LI>Max Depth = 120<LI>Call Chain = file_find &rArr; block_read &rArr; fs_set_rtos_delay
</UL>
<BR>[Calls]<UL><LI><a href="#[248]">&gt;&gt;</a>&nbsp;&nbsp;&nbsp;sign_read
<LI><a href="#[251]">&gt;&gt;</a>&nbsp;&nbsp;&nbsp;falloc_read
<LI><a href="#[245]">&gt;&gt;</a>&nbsp;&nbsp;&nbsp;block_read
<LI><a href="#[244]">&gt;&gt;</a>&nbsp;&nbsp;&nbsp;addr_of_block
<LI><a href="#[19c]">&gt;&gt;</a>&nbsp;&nbsp;&nbsp;strcmp
</UL>
<BR>[Called By]<UL><LI><a href="#[266]">&gt;&gt;</a>&nbsp;&nbsp;&nbsp;efs_rename
<LI><a href="#[23a]">&gt;&gt;</a>&nbsp;&nbsp;&nbsp;efs_open
<LI><a href="#[242]">&gt;&gt;</a>&nbsp;&nbsp;&nbsp;efs_delete
</UL>

<P><STRONG><a name="[26e]"></a>file_id_alloc</STRONG> (Thumb, 90 bytes, Stack size 32 bytes, fs_efs.o(i.file_id_alloc))
<BR><BR>[Stack]<UL><LI>Max Depth = 64<LI>Call Chain = file_id_alloc &rArr; falloc_read &rArr; fs_set_rtos_delay
</UL>
<BR>[Calls]<UL><LI><a href="#[251]">&gt;&gt;</a>&nbsp;&nbsp;&nbsp;falloc_read
<LI><a href="#[24a]">&gt;&gt;</a>&nbsp;&nbsp;&nbsp;addr_of_sign
</UL>
<BR>[Called By]<UL><LI><a href="#[265]">&gt;&gt;</a>&nbsp;&nbsp;&nbsp;file_create
</UL>

<P><STRONG><a name="[25c]"></a>file_name_validate</STRONG> (Thumb, 50 bytes, Stack size 0 bytes, fs_efs.o(i.file_name_validate))
<BR><BR>[Called By]<UL><LI><a href="#[266]">&gt;&gt;</a>&nbsp;&nbsp;&nbsp;efs_rename
<LI><a href="#[23a]">&gt;&gt;</a>&nbsp;&nbsp;&nbsp;efs_open
<LI><a href="#[242]">&gt;&gt;</a>&nbsp;&nbsp;&nbsp;efs_delete
</UL>

<P><STRONG><a name="[24d]"></a>file_size_get</STRONG> (Thumb, 126 bytes, Stack size 40 bytes, fs_efs.o(i.file_size_get))
<BR><BR>[Stack]<UL><LI>Max Depth = 72<LI>Call Chain = file_size_get &rArr; sign_read &rArr; fs_set_rtos_delay
</UL>
<BR>[Calls]<UL><LI><a href="#[248]">&gt;&gt;</a>&nbsp;&nbsp;&nbsp;sign_read
<LI><a href="#[251]">&gt;&gt;</a>&nbsp;&nbsp;&nbsp;falloc_read
</UL>
<BR>[Called By]<UL><LI><a href="#[23a]">&gt;&gt;</a>&nbsp;&nbsp;&nbsp;efs_open
<LI><a href="#[235]">&gt;&gt;</a>&nbsp;&nbsp;&nbsp;efs_flen
<LI><a href="#[25f]">&gt;&gt;</a>&nbsp;&nbsp;&nbsp;efs_ffind
<LI><a href="#[24b]">&gt;&gt;</a>&nbsp;&nbsp;&nbsp;ed_copy
</UL>

<P><STRONG><a name="[248]"></a>sign_read</STRONG> (Thumb, 134 bytes, Stack size 24 bytes, fs_efs.o(i.sign_read))
<BR><BR>[Stack]<UL><LI>Max Depth = 32<LI>Call Chain = sign_read &rArr; fs_set_rtos_delay
</UL>
<BR>[Calls]<UL><LI><a href="#[1ed]">&gt;&gt;</a>&nbsp;&nbsp;&nbsp;fs_set_rtos_delay
</UL>
<BR>[Called By]<UL><LI><a href="#[23e]">&gt;&gt;</a>&nbsp;&nbsp;&nbsp;efs_seek
<LI><a href="#[25f]">&gt;&gt;</a>&nbsp;&nbsp;&nbsp;efs_ffind
<LI><a href="#[25b]">&gt;&gt;</a>&nbsp;&nbsp;&nbsp;efs_defrag
<LI><a href="#[25a]">&gt;&gt;</a>&nbsp;&nbsp;&nbsp;efs_check
<LI><a href="#[258]">&gt;&gt;</a>&nbsp;&nbsp;&nbsp;efs_analyse
<LI><a href="#[24d]">&gt;&gt;</a>&nbsp;&nbsp;&nbsp;file_size_get
<LI><a href="#[25d]">&gt;&gt;</a>&nbsp;&nbsp;&nbsp;file_find
<LI><a href="#[25e]">&gt;&gt;</a>&nbsp;&nbsp;&nbsp;file_delete
<LI><a href="#[265]">&gt;&gt;</a>&nbsp;&nbsp;&nbsp;file_create
<LI><a href="#[263]">&gt;&gt;</a>&nbsp;&nbsp;&nbsp;efs_mark_fileMem
<LI><a href="#[254]">&gt;&gt;</a>&nbsp;&nbsp;&nbsp;efs_AllocBlock
<LI><a href="#[253]">&gt;&gt;</a>&nbsp;&nbsp;&nbsp;ed_get_next
<LI><a href="#[250]">&gt;&gt;</a>&nbsp;&nbsp;&nbsp;ed_delete
<LI><a href="#[247]">&gt;&gt;</a>&nbsp;&nbsp;&nbsp;ed_alloc_block
</UL>

<P><STRONG><a name="[249]"></a>sign_write</STRONG> (Thumb, 42 bytes, Stack size 24 bytes, fs_efs.o(i.sign_write))
<BR><BR>[Stack]<UL><LI>Max Depth = 56<LI>Call Chain = sign_write &rArr; block_write &rArr; fs_set_rtos_delay
</UL>
<BR>[Calls]<UL><LI><a href="#[246]">&gt;&gt;</a>&nbsp;&nbsp;&nbsp;block_write
</UL>
<BR>[Called By]<UL><LI><a href="#[25b]">&gt;&gt;</a>&nbsp;&nbsp;&nbsp;efs_defrag
<LI><a href="#[265]">&gt;&gt;</a>&nbsp;&nbsp;&nbsp;file_create
<LI><a href="#[267]">&gt;&gt;</a>&nbsp;&nbsp;&nbsp;efs_wr
<LI><a href="#[254]">&gt;&gt;</a>&nbsp;&nbsp;&nbsp;efs_AllocBlock
<LI><a href="#[247]">&gt;&gt;</a>&nbsp;&nbsp;&nbsp;ed_alloc_block
</UL>

<P><STRONG><a name="[26f]"></a>fs_component_init</STRONG> (Thumb, 134 bytes, Stack size 24 bytes, fs_mapi.o(i.fs_component_init))
<BR><BR>[Stack]<UL><LI>Max Depth = 24<LI>Call Chain = fs_component_init
</UL>
<BR>[Calls]<UL><LI><a href="#[1e9]">&gt;&gt;</a>&nbsp;&nbsp;&nbsp;fs_get_rtos_tick_freq
<LI><a href="#[274]">&gt;&gt;</a>&nbsp;&nbsp;&nbsp;fs_config_evr
<LI><a href="#[275]">&gt;&gt;</a>&nbsp;&nbsp;&nbsp;fs_set_cdrive
</UL>
<BR>[Called By]<UL><LI><a href="#[1d8]">&gt;&gt;</a>&nbsp;&nbsp;&nbsp;finit
</UL>

<P><STRONG><a name="[112]"></a>_freopen_locked</STRONG> (Thumb, 174 bytes, Stack size 32 bytes, fopen_locked.o(.text))
<BR><BR>[Stack]<UL><LI>Max Depth = 312<LI>Call Chain = _freopen_locked &rArr; _fclose_internal &rArr; _fflush &rArr; _writebuf &rArr; _sys_write &rArr; __sys_write &rArr; efs_write &rArr; efs_wr &rArr; efs_AllocBlock &rArr; efs_get_freeMem &rArr; falloc_read &rArr; fs_set_rtos_delay
</UL>
<BR>[Calls]<UL><LI><a href="#[cb]">&gt;&gt;</a>&nbsp;&nbsp;&nbsp;_mutex_release
<LI><a href="#[ca]">&gt;&gt;</a>&nbsp;&nbsp;&nbsp;_mutex_acquire
<LI><a href="#[113]">&gt;&gt;</a>&nbsp;&nbsp;&nbsp;_sys_open
<LI><a href="#[109]">&gt;&gt;</a>&nbsp;&nbsp;&nbsp;_fclose_internal
<LI><a href="#[102]">&gt;&gt;</a>&nbsp;&nbsp;&nbsp;_fseek
</UL>
<BR>[Called By]<UL><LI><a href="#[115]">&gt;&gt;</a>&nbsp;&nbsp;&nbsp;fopen
<LI><a href="#[114]">&gt;&gt;</a>&nbsp;&nbsp;&nbsp;freopen
</UL>

<P><STRONG><a name="[121]"></a>Heap1_SizeAdjust</STRONG> (Thumb, 8 bytes, Stack size 0 bytes, h1_alloc_mt.o(.text))
<BR><BR>[Called By]<UL><LI><a href="#[120]">&gt;&gt;</a>&nbsp;&nbsp;&nbsp;_malloc_internal
</UL>

<P><STRONG><a name="[66]"></a>_printf_input_char</STRONG> (Thumb, 10 bytes, Stack size 0 bytes, _printf_char_common.o(.text))
<BR>[Address Reference Count : 1]<UL><LI> _printf_char_common.o(.text)
</UL><P>
<H3>
Undefined Global Symbols
</H3><HR></body></html>
